Archive member included to satisfy reference by file (symbol)

/home/vvdn/projects/microsoft/source/mdk_release_18.08.10_general_purpose/tools/18.06.6/linux64/sparc-myriad-rtems-6.3.0/lib/gcc/sparc-myriad-rtems/6.3.0/libgcc.a(_lshrdi3.o)
                              ./output/obj_base/examples/Demo/Cam378OpipeHdmi/../../../common/drivers/myriad2/socDrivers/leon/bm/src/DrvEfuse_lrt.o (__lshrdi3)
/home/vvdn/projects/microsoft/source/mdk_release_18.08.10_general_purpose/tools/18.06.6/linux64/sparc-myriad-rtems-6.3.0/lib/gcc/sparc-myriad-rtems/6.3.0/libgcc.a(_ashldi3.o)
                              ./output/obj_base/examples/Demo/Cam378OpipeHdmi/../../../common/drivers/myriad2/socDrivers/leon/bm/src/DrvEfuse_lrt.o (__ashldi3)
/home/vvdn/projects/microsoft/source/mdk_release_18.08.10_general_purpose/tools/18.06.6/linux64/sparc-myriad-rtems-6.3.0/lib/gcc/sparc-myriad-rtems/6.3.0/libgcc.a(_floatdidf.o)
                              ./output/obj_base/examples/Demo/Cam378OpipeHdmi/../../../common/drivers/myriad2/socDrivers/leon/hgl/arch/ma2x5x/src/HglCpr_lrt.o (__floatdidf)
/home/vvdn/projects/microsoft/source/mdk_release_18.08.10_general_purpose/tools/18.06.6/linux64/sparc-myriad-rtems-6.3.0/lib/gcc/sparc-myriad-rtems/6.3.0/libgcc.a(_divdi3.o)
                              ./output/obj_base/examples/Demo/Cam378OpipeHdmi/../../../common/drivers/myriad2/socDrivers/leon/bm/src/DrvDdr_lrt.o (__divdi3)
/home/vvdn/projects/microsoft/source/mdk_release_18.08.10_general_purpose/tools/18.06.6/linux64/sparc-myriad-rtems-6.3.0/lib/gcc/sparc-myriad-rtems/6.3.0/libgcc.a(_udivdi3.o)
                              ./output/obj_base/examples/Demo/Cam378OpipeHdmi/../../../common/drivers/myriad2/socDrivers/leon/bm/src/DrvSdio_lrt.o (__udivdi3)
/home/vvdn/projects/microsoft/source/mdk_release_18.08.10_general_purpose/tools/18.06.6/linux64/sparc-myriad-rtems-6.3.0/lib/gcc/sparc-myriad-rtems/6.3.0/libgcc.a(_clz.o)
                              /home/vvdn/projects/microsoft/source/mdk_release_18.08.10_general_purpose/tools/18.06.6/linux64/sparc-myriad-rtems-6.3.0/lib/gcc/sparc-myriad-rtems/6.3.0/libgcc.a(_divdi3.o) (__clz_tab)
/home/vvdn/projects/microsoft/source/mdk_release_18.08.10_general_purpose/tools/18.06.6/linux64/sparc-myriad-rtems-6.3.0/sparc-myriad-rtems/lib/libc.a(lib_a-__atexit.o)
                              ./output/obj_base/examples/Demo/Cam378OpipeHdmi/../../../common/libc/myriad2/leon/src/mvStdlib_lrt.o (__register_exitproc)
/home/vvdn/projects/microsoft/source/mdk_release_18.08.10_general_purpose/tools/18.06.6/linux64/sparc-myriad-rtems-6.3.0/sparc-myriad-rtems/lib/libc.a(lib_a-__call_atexit.o)
                              ./output/obj_base/examples/Demo/Cam378OpipeHdmi/../../../common/libc/myriad2/leon/src/mvStdlib_lrt.o (__call_exitprocs)
/home/vvdn/projects/microsoft/source/mdk_release_18.08.10_general_purpose/tools/18.06.6/linux64/sparc-myriad-rtems-6.3.0/sparc-myriad-rtems/lib/libc.a(lib_a-memcmp.o)
                              ./output/obj_base/examples/Demo/Cam378OpipeHdmi/../../../common/drivers/myriad2/socDrivers/leon/bm/src/DrvSdio_lrt.o (memcmp)
/home/vvdn/projects/microsoft/source/mdk_release_18.08.10_general_purpose/tools/18.06.6/linux64/sparc-myriad-rtems-6.3.0/sparc-myriad-rtems/lib/libc.a(lib_a-memcpy.o)
                              ./output/obj_base/examples/Demo/Cam378OpipeHdmi/./leon_rt/opipe_app_cfg_lrt.o (memcpy)
/home/vvdn/projects/microsoft/source/mdk_release_18.08.10_general_purpose/tools/18.06.6/linux64/sparc-myriad-rtems-6.3.0/sparc-myriad-rtems/lib/libc.a(lib_a-memset.o)
                              ./output/obj_base/examples/Demo/Cam378OpipeHdmi/../../../common/components/CamGeneric/leon/CamGeneric_lrt.o (memset)
/home/vvdn/projects/microsoft/source/mdk_release_18.08.10_general_purpose/tools/18.06.6/linux64/sparc-myriad-rtems-6.3.0/sparc-myriad-rtems/lib/libc.a(lib_a-printf.o)
                              ./output/obj_base/examples/Demo/Cam378OpipeHdmi/./leon_rt/main_lrt.o (printf)
/home/vvdn/projects/microsoft/source/mdk_release_18.08.10_general_purpose/tools/18.06.6/linux64/sparc-myriad-rtems-6.3.0/sparc-myriad-rtems/lib/libc.a(lib_a-putchar.o)
                              ./output/obj_base/examples/Demo/Cam378OpipeHdmi/../../../common/components/CamGeneric/leon/CamGeneric_lrt.o (putchar)
/home/vvdn/projects/microsoft/source/mdk_release_18.08.10_general_purpose/tools/18.06.6/linux64/sparc-myriad-rtems-6.3.0/sparc-myriad-rtems/lib/libc.a(lib_a-puts.o)
                              ./output/obj_base/examples/Demo/Cam378OpipeHdmi/./leon_rt/main_lrt.o (puts)
/home/vvdn/projects/microsoft/source/mdk_release_18.08.10_general_purpose/tools/18.06.6/linux64/sparc-myriad-rtems-6.3.0/sparc-myriad-rtems/lib/libc.a(lib_a-strcmp.o)
                              ./output/obj_base/examples/Demo/Cam378OpipeHdmi/../../../common/swCommon/myriad2/src/swcShaveLoader_lrt.o (strcmp)
[...]
Memory Configuration

Name             Origin             Length             Attributes
*default*        0x0000000000000000 0xffffffffffffffff

Linker script and memory map

LOAD ./output/obj_base/examples/Demo/Cam378OpipeHdmi/./leon_rt/opipe_app_cfg_lrt.o
LOAD ./output/obj_base/examples/Demo/Cam378OpipeHdmi/./leon_rt/opipe_app_cfg_rx_lrt.o
LOAD ./output/obj_base/examples/Demo/Cam378OpipeHdmi/./leon_rt/main_lrt.o
LOAD ./output/obj_base/examples/Demo/Cam378OpipeHdmi/./leon_rt/app_config_lrt.o
LOAD ./output/obj_base/examples/Demo/Cam378OpipeHdmi/./leon_rt/params/isp_params_pp_lrt.o
LOAD ./output/obj_base/examples/Demo/Cam378OpipeHdmi/./leon_rt/params/isp_gamma_lut_fp16_lrt.o
LOAD ./output/obj_base/examples/Demo/Cam378OpipeHdmi/./leon_rt/params/isp_params_still_lrt.o
LOAD ./output/obj_base/examples/Demo/Cam378OpipeHdmi/../../../common/components/CamGeneric/arch/ma2x5x/leon/common/src/CamGeneric_ma2x5x_lrt.o
LOAD ./output/obj_base/examples/Demo/Cam378OpipeHdmi/../../../common/components/CamGeneric/leon/CamGeneric_lrt.o
LOAD ./output/obj_base/examples/Demo/Cam378OpipeHdmi/../../../common/components/LcdGeneric/leon/Lcd_lrt.o
LOAD ./output/obj_base/examples/Demo/Cam378OpipeHdmi/../../../common/components/MV0212/leon/bm/src/MV0212_lrt.o
LOAD ./output/obj_base/examples/Demo/Cam378OpipeHdmi/../../../common/components/MV0212/leon/common/gpioDefaults/brdMv0212GpioDefaults_lrt.o
LOAD ./output/obj_base/examples/Demo/Cam378OpipeHdmi/../../../common/components/Opipe/leon/bm/arch/ma2x5x/src/OpipeBlocks_lrt.o
LOAD ./output/obj_base/examples/Demo/Cam378OpipeHdmi/../../../common/components/Opipe/leon/bm/arch/ma2x5x/src/OpipeDrive_lrt.o
LOAD ./output/obj_base/examples/Demo/Cam378OpipeHdmi/../../../common/components/Opipe/leon/bm/arch/ma2x5x/src/OpipeMem_lrt.o
LOAD ./output/obj_base/examples/Demo/Cam378OpipeHdmi/../../../common/components/Opipe/leon/bm/arch/ma2x5x/src/OpipeTop_lrt.o
LOAD ./output/obj_base/examples/Demo/Cam378OpipeHdmi/../../../common/components/Opipe/leon/bm/arch/ma2x5x/src/OpipeUsrApps_lrt.o
LOAD ./output/obj_base/examples/Demo/Cam378OpipeHdmi/../../../common/components/Opipe/leon/bm/arch/ma2x5x/src/OpipeUtils_lrt.o
LOAD ./output/obj_base/examples/Demo/Cam378OpipeHdmi/../../../common/components/PipePrint/leon/pipePrint_lrt.o
LOAD ./output/obj_base/examples/Demo/Cam378OpipeHdmi/../../../common/components/UnitTestVcs/leon/UnitTest_lrt.o
LOAD ./output/obj_base/examples/Demo/Cam378OpipeHdmi/../../../common/components/VcsHooks/leon/VcsHooks_lrt.o
LOAD ./output/obj_base/examples/Demo/Cam378OpipeHdmi/../../../common/drivers/myriad2/brdDrivers/src/brdMv0182/brdMv0182GpioDefaults_lrt.o
LOAD ./output/obj_base/examples/Demo/Cam378OpipeHdmi/../../../common/drivers/myriad2/brdDrivers/src/brdMv0182/brdMv0182_lrt.o
LOAD ./output/obj_base/examples/Demo/Cam378OpipeHdmi/../../../common/drivers/myriad2/brdDrivers/src/brdMv0198/brdMv0198_lrt.o
LOAD ./output/obj_base/examples/Demo/Cam378OpipeHdmi/../../../common/drivers/myriad2/icDrivers/src/DrvADV7513_lrt.o
LOAD ./output/obj_base/examples/Demo/Cam378OpipeHdmi/../../../common/drivers/myriad2/icDrivers/src/DrvCDCEL_lrt.o
LOAD ./output/obj_base/examples/Demo/Cam378OpipeHdmi/../../../common/drivers/myriad2/icDrivers/src/DrvMcp3424_lrt.o
LOAD ./output/obj_base/examples/Demo/Cam378OpipeHdmi/../../../common/drivers/myriad2/icDrivers/src/DrvWm8325_lrt.o
LOAD ./output/obj_base/examples/Demo/Cam378OpipeHdmi/../../../common/drivers/myriad2/socDrivers/leon/bm/arch/ma245x/src/DrvDdrArchMa245x_lrt.o
LOAD ./output/obj_base/examples/Demo/Cam378OpipeHdmi/../../../common/drivers/myriad2/socDrivers/leon/bm/arch/ma2x5x/src/DrvAmcMa2x5x_lrt.o
LOAD ./output/obj_base/examples/Demo/Cam378OpipeHdmi/../../../common/drivers/myriad2/socDrivers/leon/bm/arch/ma2x5x/src/DrvCmxDmaArchMa2x5x_lrt.o
LOAD ./output/obj_base/examples/Demo/Cam378OpipeHdmi/../../../common/drivers/myriad2/socDrivers/leon/bm/arch/ma2x5x/src/DrvDdrArchMa2x5x_lrt.o
LOAD ./output/obj_base/examples/Demo/Cam378OpipeHdmi/../../../common/drivers/myriad2/socDrivers/leon/bm/arch/ma2x5x/src/DrvDdrMa2x5x_lrt.o
LOAD ./output/obj_base/examples/Demo/Cam378OpipeHdmi/../../../common/drivers/myriad2/socDrivers/leon/bm/arch/ma2x5x/src/DrvGpioMa2x5x_lrt.o
LOAD ./output/obj_base/examples/Demo/Cam378OpipeHdmi/../../../common/drivers/myriad2/socDrivers/leon/bm/arch/ma2x5x/src/DrvTempSensor_lrt.o
LOAD ./output/obj_base/examples/Demo/Cam378OpipeHdmi/../../../common/drivers/myriad2/socDrivers/leon/bm/src/DrvAhbDma_lrt.o
LOAD ./output/obj_base/examples/Demo/Cam378OpipeHdmi/../../../common/drivers/myriad2/socDrivers/leon/bm/src/DrvCdma_lrt.o
LOAD ./output/obj_base/examples/Demo/Cam378OpipeHdmi/../../../common/drivers/myriad2/socDrivers/leon/bm/src/DrvCif_lrt.o
LOAD ./output/obj_base/examples/Demo/Cam378OpipeHdmi/../../../common/drivers/myriad2/socDrivers/leon/bm/src/DrvCmxDma_lrt.o
LOAD ./output/obj_base/examples/Demo/Cam378OpipeHdmi/../../../common/drivers/myriad2/socDrivers/leon/bm/src/DrvCommon_lrt.o
LOAD ./output/obj_base/examples/Demo/Cam378OpipeHdmi/../../../common/drivers/myriad2/socDrivers/leon/bm/src/DrvCpr_lrt.o
LOAD ./output/obj_base/examples/Demo/Cam378OpipeHdmi/../../../common/drivers/myriad2/socDrivers/leon/bm/src/DrvDdr_lrt.o
LOAD ./output/obj_base/examples/Demo/Cam378OpipeHdmi/../../../common/drivers/myriad2/socDrivers/leon/bm/src/DrvEfuseIO_lrt.o
LOAD ./output/obj_base/examples/Demo/Cam378OpipeHdmi/../../../common/drivers/myriad2/socDrivers/leon/bm/src/DrvEfuse_lrt.o
LOAD ./output/obj_base/examples/Demo/Cam378OpipeHdmi/../../../common/drivers/myriad2/socDrivers/leon/bm/src/DrvEth_lrt.o
LOAD ./output/obj_base/examples/Demo/Cam378OpipeHdmi/../../../common/drivers/myriad2/socDrivers/leon/bm/src/DrvGpio_lrt.o
LOAD ./output/obj_base/examples/Demo/Cam378OpipeHdmi/../../../common/drivers/myriad2/socDrivers/leon/bm/src/DrvI2cMaster_lrt.o
LOAD ./output/obj_base/examples/Demo/Cam378OpipeHdmi/../../../common/drivers/myriad2/socDrivers/leon/bm/src/DrvI2c_lrt.o
LOAD ./output/obj_base/examples/Demo/Cam378OpipeHdmi/../../../common/drivers/myriad2/socDrivers/leon/bm/src/DrvI2s_lrt.o
LOAD ./output/obj_base/examples/Demo/Cam378OpipeHdmi/../../../common/drivers/myriad2/socDrivers/leon/bm/src/DrvIcb_lrt.o
LOAD ./output/obj_base/examples/Demo/Cam378OpipeHdmi/../../../common/drivers/myriad2/socDrivers/leon/bm/src/DrvLcd_lrt.o
LOAD ./output/obj_base/examples/Demo/Cam378OpipeHdmi/../../../common/drivers/myriad2/socDrivers/leon/bm/src/DrvLeonL2C_lrt.o
LOAD ./output/obj_base/examples/Demo/Cam378OpipeHdmi/../../../common/drivers/myriad2/socDrivers/leon/bm/src/DrvLeon_lrt.o
LOAD ./output/obj_base/examples/Demo/Cam378OpipeHdmi/../../../common/drivers/myriad2/socDrivers/leon/bm/src/DrvMipi_lrt.o
LOAD ./output/obj_base/examples/Demo/Cam378OpipeHdmi/../../../common/drivers/myriad2/socDrivers/leon/bm/src/DrvMss_lrt.o
LOAD ./output/obj_base/examples/Demo/Cam378OpipeHdmi/../../../common/drivers/myriad2/socDrivers/leon/bm/src/DrvMutex_lrt.o
LOAD ./output/obj_base/examples/Demo/Cam378OpipeHdmi/../../../common/drivers/myriad2/socDrivers/leon/bm/src/DrvRegUtils_lrt.o
LOAD ./output/obj_base/examples/Demo/Cam378OpipeHdmi/../../../common/drivers/myriad2/socDrivers/leon/bm/src/DrvResMgr_lrt.o
LOAD ./output/obj_base/examples/Demo/Cam378OpipeHdmi/../../../common/drivers/myriad2/socDrivers/leon/bm/src/DrvSdio_lrt.o
LOAD ./output/obj_base/examples/Demo/Cam378OpipeHdmi/../../../common/drivers/myriad2/socDrivers/leon/bm/src/DrvShaveL2Cache_lrt.o
LOAD ./output/obj_base/examples/Demo/Cam378OpipeHdmi/../../../common/drivers/myriad2/socDrivers/leon/bm/src/DrvSipp_lrt.o
LOAD ./output/obj_base/examples/Demo/Cam378OpipeHdmi/../../../common/drivers/myriad2/socDrivers/leon/bm/src/DrvSpiMaster_lrt.o
LOAD ./output/obj_base/examples/Demo/Cam378OpipeHdmi/../../../common/drivers/myriad2/socDrivers/leon/bm/src/DrvSpiSlaveCP_lrt.o
LOAD ./output/obj_base/examples/Demo/Cam378OpipeHdmi/../../../common/drivers/myriad2/socDrivers/leon/bm/src/DrvSpiSlave_lrt.o
LOAD ./output/obj_base/examples/Demo/Cam378OpipeHdmi/../../../common/drivers/myriad2/socDrivers/leon/bm/src/DrvSvu_lrt.o
LOAD ./output/obj_base/examples/Demo/Cam378OpipeHdmi/../../../common/drivers/myriad2/socDrivers/leon/bm/src/DrvTimer_lrt.o
LOAD ./output/obj_base/examples/Demo/Cam378OpipeHdmi/../../../common/drivers/myriad2/socDrivers/leon/bm/src/DrvUart_lrt.o
LOAD ./output/obj_base/examples/Demo/Cam378OpipeHdmi/../../../common/drivers/myriad2/socDrivers/leon/bm/src/OsCross_lrt.o
LOAD ./output/obj_base/examples/Demo/Cam378OpipeHdmi/../../../common/drivers/myriad2/socDrivers/leon/hgl/arch/ma2x5x/src/HglCmxDma_lrt.o
LOAD ./output/obj_base/examples/Demo/Cam378OpipeHdmi/../../../common/drivers/myriad2/socDrivers/leon/hgl/arch/ma2x5x/src/HglCommon_lrt.o
LOAD ./output/obj_base/examples/Demo/Cam378OpipeHdmi/../../../common/drivers/myriad2/socDrivers/leon/hgl/arch/ma2x5x/src/HglCprMa2x5x_lrt.o
LOAD ./output/obj_base/examples/Demo/Cam378OpipeHdmi/../../../common/drivers/myriad2/socDrivers/leon/hgl/arch/ma2x5x/src/HglCpr_lrt.o
LOAD ./output/obj_base/examples/Demo/Cam378OpipeHdmi/../../../common/drivers/myriad2/socDrivers/leon/hgl/arch/ma2x5x/src/HglGpioTimer_lrt.o
LOAD ./output/obj_base/examples/Demo/Cam378OpipeHdmi/../../../common/drivers/myriad2/socDrivers/leon/hgl/arch/ma2x5x/src/HglMutexMa2x5x_lrt.o
LOAD ./output/obj_base/examples/Demo/Cam378OpipeHdmi/../../../common/drivers/myriad2/socDrivers/leon/hgl/arch/ma2x5x/src/HglMutex_lrt.o
LOAD ./output/obj_base/examples/Demo/Cam378OpipeHdmi/../../../common/drivers/myriad2/socDrivers/leon/hgl/arch/ma2x5x/src/HglSpi_lrt.o
LOAD ./output/obj_base/examples/Demo/Cam378OpipeHdmi/../../../common/drivers/myriad2/socDrivers/leon/hgl/arch/ma2x5x/src/HglTempSensor_lrt.o
LOAD ./output/obj_base/examples/Demo/Cam378OpipeHdmi/../../../common/drivers/myriad2/socDrivers/shared/arch/ma2x5x/sgl/src/SglResMgr_lrt.o
LOAD ./output/obj_base/examples/Demo/Cam378OpipeHdmi/../../../common/drivers/myriad2/socDrivers/shared/src/CmxDma_lrt.o
LOAD ./output/obj_base/examples/Demo/Cam378OpipeHdmi/../../../common/drivers/myriad2/socDrivers/shared/src/ShaveData_lrt.o
LOAD ./output/obj_base/examples/Demo/Cam378OpipeHdmi/../../../common/drivers/myriad2/system/leon/bm/arch/ma2x5x/src/SystemInit_lrt.o
LOAD ./output/obj_base/examples/Demo/Cam378OpipeHdmi/../../../common/drivers/myriad2/system/leon/bm/asm/crt0_lrt.o
LOAD ./output/obj_base/examples/Demo/Cam378OpipeHdmi/../../../common/drivers/myriad2/system/leon/bm/asm/sysbss_lrt.o
LOAD ./output/obj_base/examples/Demo/Cam378OpipeHdmi/../../../common/drivers/myriad2/system/leon/bm/asm/traps/traps_svt_lrt.o
LOAD ./output/obj_base/examples/Demo/Cam378OpipeHdmi/../../../common/libc/myriad2/leon/src/asm/stdio.xprintf_lrt.o
LOAD ./output/obj_base/examples/Demo/Cam378OpipeHdmi/../../../common/libc/myriad2/leon/src/assert_lrt.o
LOAD ./output/obj_base/examples/Demo/Cam378OpipeHdmi/../../../common/libc/myriad2/leon/src/mvRTEMSStubs_lrt.o
LOAD ./output/obj_base/examples/Demo/Cam378OpipeHdmi/../../../common/libc/myriad2/leon/src/mvStdHelpers_lrt.o
LOAD ./output/obj_base/examples/Demo/Cam378OpipeHdmi/../../../common/libc/myriad2/leon/src/mvStdlib_lrt.o
LOAD ./output/obj_base/examples/Demo/Cam378OpipeHdmi/../../../common/libc/myriad2/leon/src/pthread_lite_lrt.o
LOAD ./output/obj_base/examples/Demo/Cam378OpipeHdmi/../../../common/swCommon/myriad2/src/swcMemoryTransfer_lrt.o
LOAD ./output/obj_base/examples/Demo/Cam378OpipeHdmi/../../../common/swCommon/myriad2/src/swcShaveLoader_lrt.o
LOAD ./output/obj_base/examples/Demo/Cam378OpipeHdmi/../../../common/swCommon/myriad2/src/swcSliceUtils_lrt.o
LOAD ./output/obj_base/examples/Demo/Cam378OpipeHdmi/../../../common/swCommon/myriad2/src/swcTestUtils_lrt.o
LOAD ./output/obj_base/examples/Demo/Cam378OpipeHdmi/../../../common/swCommon/src/Fp16Convert_lrt.o
LOAD ./output/obj_base/examples/Demo/Cam378OpipeHdmi/../../../common/swCommon/src/swcCrc_lrt.o
LOAD ./output/obj_base/examples/Demo/Cam378OpipeHdmi/../../../common/swCommon/src/swcFifo_lrt.o
LOAD ./output/obj_base/examples/Demo/Cam378OpipeHdmi/../../../common/swCommon/src/swcLeonMath_lrt.o
LOAD ./output/obj_base/examples/Demo/Cam378OpipeHdmi/../../../common/swCommon/src/swcLeonUtils_lrt.o
LOAD ./output/obj_base/examples/Demo/Cam378OpipeHdmi/../../../common/swCommon/src/swcRandom_lrt.o
START GROUP
END GROUP
START GROUP
LOAD /home/vvdn/projects/microsoft/source/mdk_release_18.08.10_general_purpose/tools/18.06.6/linux64/sparc-myriad-rtems-6.3.0/lib/gcc/sparc-myriad-rtems/6.3.0/libgcc.a
LOAD /home/vvdn/projects/microsoft/source/mdk_release_18.08.10_general_purpose/tools/18.06.6/linux64/sparc-myriad-rtems-6.3.0/sparc-myriad-rtems/lib/libc.a
LOAD /home/vvdn/projects/microsoft/source/mdk_release_18.08.10_general_purpose/tools/18.06.6/linux64/sparc-myriad-rtems-6.3.0/lib/gcc/sparc-myriad-rtems/6.3.0/libstdc++.a
LOAD /home/vvdn/projects/microsoft/source/mdk_release_18.08.10_general_purpose/tools/18.06.6/linux64/sparc-myriad-rtems-6.3.0/lib/gcc/sparc-myriad-rtems/6.3.0/libsupc++.a
LOAD /home/vvdn/projects/microsoft/source/mdk_release_18.08.10_general_purpose/tools/18.06.6/linux64/sparc-myriad-rtems-6.3.0/sparc-myriad-rtems/lib/libm.a
END GROUP

.interp
 *(.interp)

.note.gnu.build-id
 *(.note.gnu.build-id)

.hash
 *(.hash)

.gnu.hash
 *(.gnu.hash)

.dynsym
 *(.dynsym)

.dynstr
 *(.dynstr)

.gnu.version
 *(.gnu.version)

.gnu.version_d
 *(.gnu.version_d)

.gnu.version_r
 *(.gnu.version_r)

.rela.init
 *(.rela.init)

.rela.text
 *(.rela.text)

.rela.fini
 *(.rela.fini)

.rela.rodata
 *(.rela.rodata)

.rela.data.rel.ro
 *(.rela.data.rel.ro)

.rela.data
 *(.rela.data)

.rela.tdata
 *(.rela.tdata)

.rela.tbss
 *(.rela.tbss)

.rela.ctors
 *(.rela.ctors)

.rela.dtors
 *(.rela.dtors)

.rela.got
 *(.rela.got)

.rela.bss
 *(.rela.bss)

.rela.iplt
 *(.rela.iplt)

.rela.plt
 *(.rela.plt)

.init           0x0000000000000000       0x38
 *(SORT(.init))
 .init          0x0000000000000000       0x38 ./output/obj_base/examples/Demo/Cam378OpipeHdmi/../../../common/libc/myriad2/leon/src/mvStdlib_lrt.o
                0x0000000000000000                __mvInit

.text           0x0000000000000000     0x9918
 *(.text .stub)
 .text          0x0000000000000000        0x0 ./output/obj_base/examples/Demo/Cam378OpipeHdmi/./leon_rt/opipe_app_cfg_lrt.o
 .text          0x0000000000000000        0x0 ./output/obj_base/examples/Demo/Cam378OpipeHdmi/./leon_rt/opipe_app_cfg_rx_lrt.o
 .text          0x0000000000000000        0x0 ./output/obj_base/examples/Demo/Cam378OpipeHdmi/./leon_rt/main_lrt.o
 .text          0x0000000000000000        0x0 ./output/obj_base/examples/Demo/Cam378OpipeHdmi/./leon_rt/app_config_lrt.o
 .text          0x0000000000000000        0x0 ./output/obj_base/examples/Demo/Cam378OpipeHdmi/./leon_rt/params/isp_params_pp_lrt.o
 .text          0x0000000000000000        0x0 ./output/obj_base/examples/Demo/Cam378OpipeHdmi/./leon_rt/params/isp_gamma_lut_fp16_lrt.o
 .text          0x0000000000000000        0x0 ./output/obj_base/examples/Demo/Cam378OpipeHdmi/./leon_rt/params/isp_params_still_lrt.o
 .text          0x0000000000000000        0x0 ./output/obj_base/examples/Demo/Cam378OpipeHdmi/../../../common/components/CamGeneric/arch/ma2x5x/leon/common/src/CamGeneric_ma2x5x_lrt.o
 .text          0x0000000000000000        0x0 ./output/obj_base/examples/Demo/Cam378OpipeHdmi/../../../common/components/CamGeneric/leon/CamGeneric_lrt.o
 .text          0x0000000000000000        0x0 ./output/obj_base/examples/Demo/Cam378OpipeHdmi/../../../common/components/LcdGeneric/leon/Lcd_lrt.o
 .text          0x0000000000000000        0x0 ./output/obj_base/examples/Demo/Cam378OpipeHdmi/../../../common/components/MV0212/leon/bm/src/MV0212_lrt.o
 .text          0x0000000000000000        0x0 ./output/obj_base/examples/Demo/Cam378OpipeHdmi/../../../common/components/MV0212/leon/common/gpioDefaults/brdMv0212GpioDefaults_lrt.o
 .text          0x0000000000000000        0x0 ./output/obj_base/examples/Demo/Cam378OpipeHdmi/../../../common/components/Opipe/leon/bm/arch/ma2x5x/src/OpipeBlocks_lrt.o
 .text          0x0000000000000000        0x0 ./output/obj_base/examples/Demo/Cam378OpipeHdmi/../../../common/components/Opipe/leon/bm/arch/ma2x5x/src/OpipeDrive_lrt.o
 .text          0x0000000000000000        0x0 ./output/obj_base/examples/Demo/Cam378OpipeHdmi/../../../common/components/Opipe/leon/bm/arch/ma2x5x/src/OpipeMem_lrt.o
 .text          0x0000000000000000        0x0 ./output/obj_base/examples/Demo/Cam378OpipeHdmi/../../../common/components/Opipe/leon/bm/arch/ma2x5x/src/OpipeTop_lrt.o
 .text          0x0000000000000000        0x0 ./output/obj_base/examples/Demo/Cam378OpipeHdmi/../../../common/components/Opipe/leon/bm/arch/ma2x5x/src/OpipeUsrApps_lrt.o
 .text          0x0000000000000000        0x0 ./output/obj_base/examples/Demo/Cam378OpipeHdmi/../../../common/components/Opipe/leon/bm/arch/ma2x5x/src/OpipeUtils_lrt.o
 .text          0x0000000000000000        0x0 ./output/obj_base/examples/Demo/Cam378OpipeHdmi/../../../common/components/PipePrint/leon/pipePrint_lrt.o
 .text          0x0000000000000000        0x0 ./output/obj_base/examples/Demo/Cam378OpipeHdmi/../../../common/components/UnitTestVcs/leon/UnitTest_lrt.o
 .text          0x0000000000000000        0x0 ./output/obj_base/examples/Demo/Cam378OpipeHdmi/../../../common/components/VcsHooks/leon/VcsHooks_lrt.o
 .text          0x0000000000000000        0x0 ./output/obj_base/examples/Demo/Cam378OpipeHdmi/../../../common/drivers/myriad2/brdDrivers/src/brdMv0182/brdMv0182GpioDefaults_lrt.o
 .text          0x0000000000000000        0x0 ./output/obj_base/examples/Demo/Cam378OpipeHdmi/../../../common/drivers/myriad2/brdDrivers/src/brdMv0182/brdMv0182_lrt.o
 .text          0x0000000000000000        0x0 ./output/obj_base/examples/Demo/Cam378OpipeHdmi/../../../common/drivers/myriad2/brdDrivers/src/brdMv0198/brdMv0198_lrt.o
 .text          0x0000000000000000        0x0 ./output/obj_base/examples/Demo/Cam378OpipeHdmi/../../../common/drivers/myriad2/icDrivers/src/DrvADV7513_lrt.o
 .text          0x0000000000000000        0x0 ./output/obj_base/examples/Demo/Cam378OpipeHdmi/../../../common/drivers/myriad2/icDrivers/src/DrvCDCEL_lrt.o
 .text          0x0000000000000000        0x0 ./output/obj_base/examples/Demo/Cam378OpipeHdmi/../../../common/drivers/myriad2/icDrivers/src/DrvMcp3424_lrt.o
 .text          0x0000000000000000        0x0 ./output/obj_base/examples/Demo/Cam378OpipeHdmi/../../../common/drivers/myriad2/icDrivers/src/DrvWm8325_lrt.o
 .text          0x0000000000000000        0x0 ./output/obj_base/examples/Demo/Cam378OpipeHdmi/../../../common/drivers/myriad2/socDrivers/leon/bm/arch/ma245x/src/DrvDdrArchMa245x_lrt.o
 .text          0x0000000000000000        0x0 ./output/obj_base/examples/Demo/Cam378OpipeHdmi/../../../common/drivers/myriad2/socDrivers/leon/bm/arch/ma2x5x/src/DrvAmcMa2x5x_lrt.o
 .text          0x0000000000000000        0x0 ./output/obj_base/examples/Demo/Cam378OpipeHdmi/../../../common/drivers/myriad2/socDrivers/leon/bm/arch/ma2x5x/src/DrvCmxDmaArchMa2x5x_lrt.o
 .text          0x0000000000000000        0x0 ./output/obj_base/examples/Demo/Cam378OpipeHdmi/../../../common/drivers/myriad2/socDrivers/leon/bm/arch/ma2x5x/src/DrvDdrArchMa2x5x_lrt.o
 .text          0x0000000000000000        0x0 ./output/obj_base/examples/Demo/Cam378OpipeHdmi/../../../common/drivers/myriad2/socDrivers/leon/bm/arch/ma2x5x/src/DrvDdrMa2x5x_lrt.o
 .text          0x0000000000000000        0x0 ./output/obj_base/examples/Demo/Cam378OpipeHdmi/../../../common/drivers/myriad2/socDrivers/leon/bm/arch/ma2x5x/src/DrvGpioMa2x5x_lrt.o
 .text          0x0000000000000000        0x0 ./output/obj_base/examples/Demo/Cam378OpipeHdmi/../../../common/drivers/myriad2/socDrivers/leon/bm/arch/ma2x5x/src/DrvTempSensor_lrt.o
 .text          0x0000000000000000        0x0 ./output/obj_base/examples/Demo/Cam378OpipeHdmi/../../../common/drivers/myriad2/socDrivers/leon/bm/src/DrvAhbDma_lrt.o
 .text          0x0000000000000000        0x0 ./output/obj_base/examples/Demo/Cam378OpipeHdmi/../../../common/drivers/myriad2/socDrivers/leon/bm/src/DrvCdma_lrt.o
 .text          0x0000000000000000        0x0 ./output/obj_base/examples/Demo/Cam378OpipeHdmi/../../../common/drivers/myriad2/socDrivers/leon/bm/src/DrvCif_lrt.o
 .text          0x0000000000000000        0x0 ./output/obj_base/examples/Demo/Cam378OpipeHdmi/../../../common/drivers/myriad2/socDrivers/leon/bm/src/DrvCmxDma_lrt.o
 .text          0x0000000000000000        0x0 ./output/obj_base/examples/Demo/Cam378OpipeHdmi/../../../common/drivers/myriad2/socDrivers/leon/bm/src/DrvCommon_lrt.o
 .text          0x0000000000000000        0x0 ./output/obj_base/examples/Demo/Cam378OpipeHdmi/../../../common/drivers/myriad2/socDrivers/leon/bm/src/DrvCpr_lrt.o
 .text          0x0000000000000000        0x0 ./output/obj_base/examples/Demo/Cam378OpipeHdmi/../../../common/drivers/myriad2/socDrivers/leon/bm/src/DrvDdr_lrt.o
 .text          0x0000000000000000        0x0 ./output/obj_base/examples/Demo/Cam378OpipeHdmi/../../../common/drivers/myriad2/socDrivers/leon/bm/src/DrvEfuseIO_lrt.o
 .text          0x0000000000000000        0x0 ./output/obj_base/examples/Demo/Cam378OpipeHdmi/../../../common/drivers/myriad2/socDrivers/leon/bm/src/DrvEfuse_lrt.o
 .text          0x0000000000000000        0x0 ./output/obj_base/examples/Demo/Cam378OpipeHdmi/../../../common/drivers/myriad2/socDrivers/leon/bm/src/DrvEth_lrt.o
 .text          0x0000000000000000        0x0 ./output/obj_base/examples/Demo/Cam378OpipeHdmi/../../../common/drivers/myriad2/socDrivers/leon/bm/src/DrvGpio_lrt.o
 .text          0x0000000000000000        0x0 ./output/obj_base/examples/Demo/Cam378OpipeHdmi/../../../common/drivers/myriad2/socDrivers/leon/bm/src/DrvI2cMaster_lrt.o
 .text          0x0000000000000000        0x0 ./output/obj_base/examples/Demo/Cam378OpipeHdmi/../../../common/drivers/myriad2/socDrivers/leon/bm/src/DrvI2c_lrt.o
 .text          0x0000000000000000        0x0 ./output/obj_base/examples/Demo/Cam378OpipeHdmi/../../../common/drivers/myriad2/socDrivers/leon/bm/src/DrvI2s_lrt.o
 .text          0x0000000000000000        0x0 ./output/obj_base/examples/Demo/Cam378OpipeHdmi/../../../common/drivers/myriad2/socDrivers/leon/bm/src/DrvIcb_lrt.o
 .text          0x0000000000000000        0x0 ./output/obj_base/examples/Demo/Cam378OpipeHdmi/../../../common/drivers/myriad2/socDrivers/leon/bm/src/DrvLcd_lrt.o
 .text          0x0000000000000000        0x0 ./output/obj_base/examples/Demo/Cam378OpipeHdmi/../../../common/drivers/myriad2/socDrivers/leon/bm/src/DrvLeonL2C_lrt.o
 .text          0x0000000000000000        0x0 ./output/obj_base/examples/Demo/Cam378OpipeHdmi/../../../common/drivers/myriad2/socDrivers/leon/bm/src/DrvLeon_lrt.o
 .text          0x0000000000000000        0x0 ./output/obj_base/examples/Demo/Cam378OpipeHdmi/../../../common/drivers/myriad2/socDrivers/leon/bm/src/DrvMipi_lrt.o
 .text          0x0000000000000000        0x0 ./output/obj_base/examples/Demo/Cam378OpipeHdmi/../../../common/drivers/myriad2/socDrivers/leon/bm/src/DrvMss_lrt.o
 .text          0x0000000000000000        0x0 ./output/obj_base/examples/Demo/Cam378OpipeHdmi/../../../common/drivers/myriad2/socDrivers/leon/bm/src/DrvMutex_lrt.o
 .text          0x0000000000000000        0x0 ./output/obj_base/examples/Demo/Cam378OpipeHdmi/../../../common/drivers/myriad2/socDrivers/leon/bm/src/DrvRegUtils_lrt.o
 .text          0x0000000000000000        0x0 ./output/obj_base/examples/Demo/Cam378OpipeHdmi/../../../common/drivers/myriad2/socDrivers/leon/bm/src/DrvResMgr_lrt.o
 .text          0x0000000000000000        0x0 ./output/obj_base/examples/Demo/Cam378OpipeHdmi/../../../common/drivers/myriad2/socDrivers/leon/bm/src/DrvSdio_lrt.o
 .text          0x0000000000000000        0x0 ./output/obj_base/examples/Demo/Cam378OpipeHdmi/../../../common/drivers/myriad2/socDrivers/leon/bm/src/DrvShaveL2Cache_lrt.o
 .text          0x0000000000000000        0x0 ./output/obj_base/examples/Demo/Cam378OpipeHdmi/../../../common/drivers/myriad2/socDrivers/leon/bm/src/DrvSipp_lrt.o
 .text          0x0000000000000000        0x0 ./output/obj_base/examples/Demo/Cam378OpipeHdmi/../../../common/drivers/myriad2/socDrivers/leon/bm/src/DrvSpiMaster_lrt.o
 .text          0x0000000000000000        0x0 ./output/obj_base/examples/Demo/Cam378OpipeHdmi/../../../common/drivers/myriad2/socDrivers/leon/bm/src/DrvSpiSlaveCP_lrt.o
 .text          0x0000000000000000        0x0 ./output/obj_base/examples/Demo/Cam378OpipeHdmi/../../../common/drivers/myriad2/socDrivers/leon/bm/src/DrvSpiSlave_lrt.o
 .text          0x0000000000000000        0x0 ./output/obj_base/examples/Demo/Cam378OpipeHdmi/../../../common/drivers/myriad2/socDrivers/leon/bm/src/DrvSvu_lrt.o
 .text          0x0000000000000000        0x0 ./output/obj_base/examples/Demo/Cam378OpipeHdmi/../../../common/drivers/myriad2/socDrivers/leon/bm/src/DrvTimer_lrt.o
 .text          0x0000000000000000        0x0 ./output/obj_base/examples/Demo/Cam378OpipeHdmi/../../../common/drivers/myriad2/socDrivers/leon/bm/src/DrvUart_lrt.o
 .text          0x0000000000000000        0x0 ./output/obj_base/examples/Demo/Cam378OpipeHdmi/../../../common/drivers/myriad2/socDrivers/leon/bm/src/OsCross_lrt.o
 .text          0x0000000000000000        0x0 ./output/obj_base/examples/Demo/Cam378OpipeHdmi/../../../common/drivers/myriad2/socDrivers/leon/hgl/arch/ma2x5x/src/HglCmxDma_lrt.o
 .text          0x0000000000000000        0x0 ./output/obj_base/examples/Demo/Cam378OpipeHdmi/../../../common/drivers/myriad2/socDrivers/leon/hgl/arch/ma2x5x/src/HglCommon_lrt.o
 .text          0x0000000000000000        0x0 ./output/obj_base/examples/Demo/Cam378OpipeHdmi/../../../common/drivers/myriad2/socDrivers/leon/hgl/arch/ma2x5x/src/HglCprMa2x5x_lrt.o
 .text          0x0000000000000000        0x0 ./output/obj_base/examples/Demo/Cam378OpipeHdmi/../../../common/drivers/myriad2/socDrivers/leon/hgl/arch/ma2x5x/src/HglCpr_lrt.o
 .text          0x0000000000000000        0x0 ./output/obj_base/examples/Demo/Cam378OpipeHdmi/../../../common/drivers/myriad2/socDrivers/leon/hgl/arch/ma2x5x/src/HglGpioTimer_lrt.o
 .text          0x0000000000000000        0x0 ./output/obj_base/examples/Demo/Cam378OpipeHdmi/../../../common/drivers/myriad2/socDrivers/leon/hgl/arch/ma2x5x/src/HglMutexMa2x5x_lrt.o
 .text          0x0000000000000000        0x0 ./output/obj_base/examples/Demo/Cam378OpipeHdmi/../../../common/drivers/myriad2/socDrivers/leon/hgl/arch/ma2x5x/src/HglMutex_lrt.o
 .text          0x0000000000000000        0x0 ./output/obj_base/examples/Demo/Cam378OpipeHdmi/../../../common/drivers/myriad2/socDrivers/leon/hgl/arch/ma2x5x/src/HglSpi_lrt.o
 .text          0x0000000000000000        0x0 ./output/obj_base/examples/Demo/Cam378OpipeHdmi/../../../common/drivers/myriad2/socDrivers/leon/hgl/arch/ma2x5x/src/HglTempSensor_lrt.o
 .text          0x0000000000000000        0x0 ./output/obj_base/examples/Demo/Cam378OpipeHdmi/../../../common/drivers/myriad2/socDrivers/shared/arch/ma2x5x/sgl/src/SglResMgr_lrt.o
 .text          0x0000000000000000        0x0 ./output/obj_base/examples/Demo/Cam378OpipeHdmi/../../../common/drivers/myriad2/socDrivers/shared/src/CmxDma_lrt.o
 .text          0x0000000000000000        0x0 ./output/obj_base/examples/Demo/Cam378OpipeHdmi/../../../common/drivers/myriad2/socDrivers/shared/src/ShaveData_lrt.o
 .text          0x0000000000000000        0x0 ./output/obj_base/examples/Demo/Cam378OpipeHdmi/../../../common/drivers/myriad2/system/leon/bm/arch/ma2x5x/src/SystemInit_lrt.o
 .text          0x0000000000000000        0x0 ./output/obj_base/examples/Demo/Cam378OpipeHdmi/../../../common/drivers/myriad2/system/leon/bm/asm/crt0_lrt.o
 .text          0x0000000000000000        0x0 ./output/obj_base/examples/Demo/Cam378OpipeHdmi/../../../common/drivers/myriad2/system/leon/bm/asm/sysbss_lrt.o
 .text          0x0000000000000000        0x0 ./output/obj_base/examples/Demo/Cam378OpipeHdmi/../../../common/drivers/myriad2/system/leon/bm/asm/traps/traps_svt_lrt.o
 .text          0x0000000000000000        0x0 ./output/obj_base/examples/Demo/Cam378OpipeHdmi/../../../common/libc/myriad2/leon/src/asm/stdio.xprintf_lrt.o
 .text          0x0000000000000000        0x0 ./output/obj_base/examples/Demo/Cam378OpipeHdmi/../../../common/libc/myriad2/leon/src/assert_lrt.o
 .text          0x0000000000000000        0x0 ./output/obj_base/examples/Demo/Cam378OpipeHdmi/../../../common/libc/myriad2/leon/src/mvRTEMSStubs_lrt.o
 .text          0x0000000000000000        0x0 ./output/obj_base/examples/Demo/Cam378OpipeHdmi/../../../common/libc/myriad2/leon/src/mvStdHelpers_lrt.o
 .text          0x0000000000000000        0x0 ./output/obj_base/examples/Demo/Cam378OpipeHdmi/../../../common/libc/myriad2/leon/src/mvStdlib_lrt.o
 .text          0x0000000000000000        0x0 ./output/obj_base/examples/Demo/Cam378OpipeHdmi/../../../common/libc/myriad2/leon/src/pthread_lite_lrt.o
 .text          0x0000000000000000        0x0 ./output/obj_base/examples/Demo/Cam378OpipeHdmi/../../../common/swCommon/myriad2/src/swcMemoryTransfer_lrt.o
 .text          0x0000000000000000        0x0 ./output/obj_base/examples/Demo/Cam378OpipeHdmi/../../../common/swCommon/myriad2/src/swcShaveLoader_lrt.o
 .text          0x0000000000000000        0x0 ./output/obj_base/examples/Demo/Cam378OpipeHdmi/../../../common/swCommon/myriad2/src/swcSliceUtils_lrt.o
 .text          0x0000000000000000        0x0 ./output/obj_base/examples/Demo/Cam378OpipeHdmi/../../../common/swCommon/myriad2/src/swcTestUtils_lrt.o
 .text          0x0000000000000000        0x0 ./output/obj_base/examples/Demo/Cam378OpipeHdmi/../../../common/swCommon/src/Fp16Convert_lrt.o
 .text          0x0000000000000000        0x0 ./output/obj_base/examples/Demo/Cam378OpipeHdmi/../../../common/swCommon/src/swcCrc_lrt.o
 .text          0x0000000000000000        0x0 ./output/obj_base/examples/Demo/Cam378OpipeHdmi/../../../common/swCommon/src/swcFifo_lrt.o
 .text          0x0000000000000000        0x0 ./output/obj_base/examples/Demo/Cam378OpipeHdmi/../../../common/swCommon/src/swcLeonMath_lrt.o
 .text          0x0000000000000000        0x0 ./output/obj_base/examples/Demo/Cam378OpipeHdmi/../../../common/swCommon/src/swcLeonUtils_lrt.o
 .text          0x0000000000000000        0x0 ./output/obj_base/examples/Demo/Cam378OpipeHdmi/../../../common/swCommon/src/swcRandom_lrt.o
 .text          0x0000000000000000       0x48 /home/vvdn/projects/microsoft/source/mdk_release_18.08.10_general_purpose/tools/18.06.6/linux64/sparc-myriad-rtems-6.3.0/lib/gcc/sparc-myriad-rtems/6.3.0/libgcc.a(_lshrdi3.o)
                0x0000000000000000                __lshrdi3
 .text          0x0000000000000048       0x48 /home/vvdn/projects/microsoft/source/mdk_release_18.08.10_general_purpose/tools/18.06.6/linux64/sparc-myriad-rtems-6.3.0/lib/gcc/sparc-myriad-rtems/6.3.0/libgcc.a(_ashldi3.o)
                0x0000000000000048                __ashldi3
 .text          0x0000000000000090       0x4c /home/vvdn/projects/microsoft/source/mdk_release_18.08.10_general_purpose/tools/18.06.6/linux64/sparc-myriad-rtems-6.3.0/lib/gcc/sparc-myriad-rtems/6.3.0/libgcc.a(_floatdidf.o)
                0x0000000000000090                __floatdidf
 .text          0x00000000000000dc      0x238 /home/vvdn/projects/microsoft/source/mdk_release_18.08.10_general_purpose/tools/18.06.6/linux64/sparc-myriad-rtems-6.3.0/lib/gcc/sparc-myriad-rtems/6.3.0/libgcc.a(_divdi3.o)
                0x00000000000000dc                __divdi3
 .text          0x0000000000000314      0x1f8 /home/vvdn/projects/microsoft/source/mdk_release_18.08.10_general_purpose/tools/18.06.6/linux64/sparc-myriad-rtems-6.3.0/lib/gcc/sparc-myriad-rtems/6.3.0/libgcc.a(_udivdi3.o)
                0x0000000000000314                __udivdi3
 .text          0x000000000000050c        0x0 /home/vvdn/projects/microsoft/source/mdk_release_18.08.10_general_purpose/tools/18.06.6/linux64/sparc-myriad-rtems-6.3.0/lib/gcc/sparc-myriad-rtems/6.3.0/libgcc.a(_clz.o)
 .text          0x000000000000050c      0x128 /home/vvdn/projects/microsoft/source/mdk_release_18.08.10_general_purpose/tools/18.06.6/linux64/sparc-myriad-rtems-6.3.0/sparc-myriad-rtems/lib/libc.a(lib_a-__atexit.o)
                0x000000000000050c                __register_exitproc
 .text          0x0000000000000634      0x178 /home/vvdn/projects/microsoft/source/mdk_release_18.08.10_general_purpose/tools/18.06.6/linux64/sparc-myriad-rtems-6.3.0/sparc-myriad-rtems/lib/libc.a(lib_a-__call_atexit.o)
                0x0000000000000634                __call_exitprocs
 .text          0x00000000000007ac       0xa4 /home/vvdn/projects/microsoft/source/mdk_release_18.08.10_general_purpose/tools/18.06.6/linux64/sparc-myriad-rtems-6.3.0/sparc-myriad-rtems/lib/libc.a(lib_a-memcmp.o)
                0x00000000000007ac                memcmp
 .text          0x0000000000000850       0xf8 /home/vvdn/projects/microsoft/source/mdk_release_18.08.10_general_purpose/tools/18.06.6/linux64/sparc-myriad-rtems-6.3.0/sparc-myriad-rtems/lib/libc.a(lib_a-memcpy.o)
                0x0000000000000850                memcpy
 .text          0x0000000000000948      0x11c /home/vvdn/projects/microsoft/source/mdk_release_18.08.10_general_purpose/tools/18.06.6/linux64/sparc-myriad-rtems-6.3.0/sparc-myriad-rtems/lib/libc.a(lib_a-memset.o)
                0x0000000000000948                memset
 .text          0x0000000000000a64       0x6c /home/vvdn/projects/microsoft/source/mdk_release_18.08.10_general_purpose/tools/18.06.6/linux64/sparc-myriad-rtems-6.3.0/sparc-myriad-rtems/lib/libc.a(lib_a-printf.o)
                0x0000000000000a64                _printf_r
                0x0000000000000a98                printf
 .text          0x0000000000000ad0       0x28 /home/vvdn/projects/microsoft/source/mdk_release_18.08.10_general_purpose/tools/18.06.6/linux64/sparc-myriad-rtems-6.3.0/sparc-myriad-rtems/lib/libc.a(lib_a-putchar.o)
                0x0000000000000ad0                _putchar_r
                0x0000000000000ae0                putchar
 .text          0x0000000000000af8      0x114 /home/vvdn/projects/microsoft/source/mdk_release_18.08.10_general_purpose/tools/18.06.6/linux64/sparc-myriad-rtems-6.3.0/sparc-myriad-rtems/lib/libc.a(lib_a-puts.o)
                0x0000000000000af8                _puts_r
                0x0000000000000bf8                puts
 .text          0x0000000000000c0c       0xbc /home/vvdn/projects/microsoft/source/mdk_release_18.08.10_general_purpose/tools/18.06.6/linux64/sparc-myriad-rtems-6.3.0/sparc-myriad-rtems/lib/libc.a(lib_a-strcmp.o)
                0x0000000000000c0c                strcmp
 .text          0x0000000000000cc8       0x8c /home/vvdn/projects/microsoft/source/mdk_release_18.08.10_general_purpose/tools/18.06.6/linux64/sparc-myriad-rtems-6.3.0/sparc-myriad-rtems/lib/libc.a(lib_a-strcpy.o)
                0x0000000000000cc8                strcpy
 .text          0x0000000000000d54       0xc0 /home/vvdn/projects/microsoft/source/mdk_release_18.08.10_general_purpose/tools/18.06.6/linux64/sparc-myriad-rtems-6.3.0/sparc-myriad-rtems/lib/libc.a(lib_a-strlen.o)
                0x0000000000000d54                strlen
 .text          0x0000000000000e14      0x128 /home/vvdn/projects/microsoft/source/mdk_release_18.08.10_general_purpose/tools/18.06.6/linux64/sparc-myriad-rtems-6.3.0/sparc-myriad-rtems/lib/libc.a(lib_a-strncmp.o)
                0x0000000000000e14                strncmp
 .text          0x0000000000000f3c     0x2b38 /home/vvdn/projects/microsoft/source/mdk_release_18.08.10_general_purpose/tools/18.06.6/linux64/sparc-myriad-rtems-6.3.0/sparc-myriad-rtems/lib/libc.a(lib_a-vfprintf.o)
                0x00000000000010a8                _vfprintf_r
                0x000000000000399c                vfprintf
 .text          0x0000000000003a74      0x164 /home/vvdn/projects/microsoft/source/mdk_release_18.08.10_general_purpose/tools/18.06.6/linux64/sparc-myriad-rtems-6.3.0/sparc-myriad-rtems/lib/libc.a(lib_a-wsetup.o)
                0x0000000000003a74                __swsetup_r
 .text          0x0000000000003bd8     0x151c /home/vvdn/projects/microsoft/source/mdk_release_18.08.10_general_purpose/tools/18.06.6/linux64/sparc-myriad-rtems-6.3.0/sparc-myriad-rtems/lib/libc.a(lib_a-dtoa.o)
                0x0000000000003df4                _dtoa_r
 .text          0x00000000000050f4      0x358 /home/vvdn/projects/microsoft/source/mdk_release_18.08.10_general_purpose/tools/18.06.6/linux64/sparc-myriad-rtems-6.3.0/sparc-myriad-rtems/lib/libc.a(lib_a-fflush.o)
                0x00000000000050f4                __sflush_r
                0x000000000000536c                _fflush_r
                0x000000000000541c                fflush
 .text          0x000000000000544c      0x434 /home/vvdn/projects/microsoft/source/mdk_release_18.08.10_general_purpose/tools/18.06.6/linux64/sparc-myriad-rtems-6.3.0/sparc-myriad-rtems/lib/libc.a(lib_a-findfp.o)
                0x00000000000054d8                _cleanup_r
                0x00000000000055c0                __sfmoreglue
                0x0000000000005604                _cleanup
                0x0000000000005618                __sinit
                0x00000000000056c0                __sfp
                0x00000000000057e8                __sfp_lock_acquire
                0x00000000000057fc                __sfp_lock_release
                0x0000000000005810                __sinit_lock_acquire
                0x0000000000005824                __sinit_lock_release
                0x0000000000005838                __fp_lock_all
                0x000000000000585c                __fp_unlock_all
 .text          0x0000000000005880      0x4e8 /home/vvdn/projects/microsoft/source/mdk_release_18.08.10_general_purpose/tools/18.06.6/linux64/sparc-myriad-rtems-6.3.0/sparc-myriad-rtems/lib/libc.a(lib_a-fvwrite.o)
                0x0000000000005880                __sfvwrite_r
 .text          0x0000000000005d68       0xe8 /home/vvdn/projects/microsoft/source/mdk_release_18.08.10_general_purpose/tools/18.06.6/linux64/sparc-myriad-rtems-6.3.0/sparc-myriad-rtems/lib/libc.a(lib_a-fwalk.o)
                0x0000000000005d68                _fwalk
                0x0000000000005ddc                _fwalk_reent
 .text          0x0000000000005e50        0xc /home/vvdn/projects/microsoft/source/mdk_release_18.08.10_general_purpose/tools/18.06.6/linux64/sparc-myriad-rtems-6.3.0/sparc-myriad-rtems/lib/libc.a(lib_a-getreent.o)
                0x0000000000005e50                __getreent
 .text          0x0000000000005e5c        0x0 /home/vvdn/projects/microsoft/source/mdk_release_18.08.10_general_purpose/tools/18.06.6/linux64/sparc-myriad-rtems-6.3.0/sparc-myriad-rtems/lib/libc.a(lib_a-impure.o)
 .text          0x0000000000005e5c       0x68 /home/vvdn/projects/microsoft/source/mdk_release_18.08.10_general_purpose/tools/18.06.6/linux64/sparc-myriad-rtems-6.3.0/sparc-myriad-rtems/lib/libc.a(lib_a-localeconv.o)
                0x0000000000005e5c                __localeconv_l
                0x0000000000005e64                _localeconv_r
                0x0000000000005e94                localeconv
 .text          0x0000000000005ec4      0x1b0 /home/vvdn/projects/microsoft/source/mdk_release_18.08.10_general_purpose/tools/18.06.6/linux64/sparc-myriad-rtems-6.3.0/sparc-myriad-rtems/lib/libc.a(lib_a-makebuf.o)
                0x0000000000005ec4                __swhatbuf_r
                0x0000000000005f78                __smakebuf_r
 .text          0x0000000000006074      0x120 /home/vvdn/projects/microsoft/source/mdk_release_18.08.10_general_purpose/tools/18.06.6/linux64/sparc-myriad-rtems-6.3.0/sparc-myriad-rtems/lib/libc.a(lib_a-memchr.o)
                0x0000000000006074                memchr
 .text          0x0000000000006194      0x148 /home/vvdn/projects/microsoft/source/mdk_release_18.08.10_general_purpose/tools/18.06.6/linux64/sparc-myriad-rtems-6.3.0/sparc-myriad-rtems/lib/libc.a(lib_a-memmove.o)
                0x0000000000006194                memmove
 .text          0x00000000000062dc      0xf54 /home/vvdn/projects/microsoft/source/mdk_release_18.08.10_general_purpose/tools/18.06.6/linux64/sparc-myriad-rtems-6.3.0/sparc-myriad-rtems/lib/libc.a(lib_a-mprec.o)
                0x00000000000062dc                _Balloc
                0x000000000000636c                _Bfree
                0x0000000000006398                __multadd
                0x0000000000006478                __s2b
                0x0000000000006564                __hi0bits
                0x00000000000065ec                __lo0bits
                0x00000000000066c0                __i2b
                0x00000000000066e4                __multiply
                0x00000000000068e8                __pow5mult
                0x0000000000006a0c                __lshift
                0x0000000000006b30                __mcmp
                0x0000000000006b98                __mdiff
                0x0000000000006d88                __ulp
                0x0000000000006e18                __b2d
                0x0000000000006f28                __d2b
                0x0000000000007034                __ratio
                0x00000000000070bc                _mprec_log10
                0x00000000000070fc                __copybits
                0x000000000000717c                __any_on
 .text          0x0000000000007230      0x1f8 /home/vvdn/projects/microsoft/source/mdk_release_18.08.10_general_purpose/tools/18.06.6/linux64/sparc-myriad-rtems-6.3.0/sparc-myriad-rtems/lib/libc.a(lib_a-putc.o)
                0x0000000000007230                _putc_r
                0x0000000000007328                putc
 .text          0x0000000000007428       0xa0 /home/vvdn/projects/microsoft/source/mdk_release_18.08.10_general_purpose/tools/18.06.6/linux64/sparc-myriad-rtems-6.3.0/sparc-myriad-rtems/lib/libc.a(lib_a-s_frexp.o)
                0x0000000000007428                frexp
 .text          0x00000000000074c8      0x124 /home/vvdn/projects/microsoft/source/mdk_release_18.08.10_general_purpose/tools/18.06.6/linux64/sparc-myriad-rtems-6.3.0/sparc-myriad-rtems/lib/libc.a(lib_a-stdio.o)
                0x00000000000074c8                __sread
                0x000000000000751c                __seofread
                0x0000000000007524                __swrite
                0x000000000000756c                __sseek
                0x00000000000075dc                __sclose
 .text          0x00000000000075ec      0x110 /home/vvdn/projects/microsoft/source/mdk_release_18.08.10_general_purpose/tools/18.06.6/linux64/sparc-myriad-rtems-6.3.0/sparc-myriad-rtems/lib/libc.a(lib_a-strncpy.o)
                0x00000000000075ec                strncpy
 .text          0x00000000000076fc     0x177c /home/vvdn/projects/microsoft/source/mdk_release_18.08.10_general_purpose/tools/18.06.6/linux64/sparc-myriad-rtems-6.3.0/sparc-myriad-rtems/lib/libc.a(lib_a-vfiprintf.o)
                0x000000000000792c                __sprint_r
                0x0000000000007950                _vfiprintf_r
                0x0000000000008da0                vfiprintf
 .text          0x0000000000008e78      0x174 /home/vvdn/projects/microsoft/source/mdk_release_18.08.10_general_purpose/tools/18.06.6/linux64/sparc-myriad-rtems-6.3.0/sparc-myriad-rtems/lib/libc.a(lib_a-wbuf.o)
                0x0000000000008e78                __swbuf_r
                0x0000000000008fd4                __swbuf
 .text          0x0000000000008fec      0x18c /home/vvdn/projects/microsoft/source/mdk_release_18.08.10_general_purpose/tools/18.06.6/linux64/sparc-myriad-rtems-6.3.0/sparc-myriad-rtems/lib/libc.a(lib_a-fclose.o)
                0x0000000000008fec                _fclose_r
                0x0000000000009164                fclose
 .text          0x0000000000009178      0x1e8 /home/vvdn/projects/microsoft/source/mdk_release_18.08.10_general_purpose/tools/18.06.6/linux64/sparc-myriad-rtems-6.3.0/sparc-myriad-rtems/lib/libc.a(lib_a-fputwc.o)
                0x0000000000009178                __fputwc
                0x000000000000928c                _fputwc_r
                0x0000000000009324                fputwc
 .text          0x0000000000009360       0xfc /home/vvdn/projects/microsoft/source/mdk_release_18.08.10_general_purpose/tools/18.06.6/linux64/sparc-myriad-rtems-6.3.0/sparc-myriad-rtems/lib/libc.a(lib_a-locale.o)
                0x0000000000009360                _setlocale_r
                0x00000000000093cc                __locale_mb_cur_max
                0x0000000000009404                __locale_ctype_ptr_l
                0x000000000000940c                __locale_ctype_ptr
                0x0000000000009444                setlocale
 .text          0x000000000000945c       0xbc /home/vvdn/projects/microsoft/source/mdk_release_18.08.10_general_purpose/tools/18.06.6/linux64/sparc-myriad-rtems-6.3.0/sparc-myriad-rtems/lib/libc.a(lib_a-mbtowc_r.o)
                0x000000000000945c                _mbtowc_r
                0x00000000000094c0                __ascii_mbtowc
 .text          0x0000000000009518      0x154 /home/vvdn/projects/microsoft/source/mdk_release_18.08.10_general_purpose/tools/18.06.6/linux64/sparc-myriad-rtems-6.3.0/sparc-myriad-rtems/lib/libc.a(lib_a-wcrtomb.o)
                0x0000000000009518                _wcrtomb_r
                0x00000000000095bc                wcrtomb
 .text          0x000000000000966c       0x98 /home/vvdn/projects/microsoft/source/mdk_release_18.08.10_general_purpose/tools/18.06.6/linux64/sparc-myriad-rtems-6.3.0/sparc-myriad-rtems/lib/libc.a(lib_a-wctomb_r.o)
                0x000000000000966c                _wctomb_r
                0x00000000000096c8                __ascii_wctomb
 .text          0x0000000000009704        0x0 /home/vvdn/projects/microsoft/source/mdk_release_18.08.10_general_purpose/tools/18.06.6/linux64/sparc-myriad-rtems-6.3.0/sparc-myriad-rtems/lib/libc.a(lib_a-ctype_.o)
 .text          0x0000000000009704      0x214 /home/vvdn/projects/microsoft/source/mdk_release_18.08.10_general_purpose/tools/18.06.6/linux64/sparc-myriad-rtems-6.3.0/lib/gcc/sparc-myriad-rtems/6.3.0/libgcc.a(_umoddi3.o)
                0x0000000000009704                __umoddi3
 *(.gnu.warning)

.text.appSetParamsMFPipe
                0x0000000000000000      0x584
 .text.appSetParamsMFPipe
                0x0000000000000000      0x584 ./output/obj_base/examples/Demo/Cam378OpipeHdmi/./leon_rt/opipe_app_cfg_lrt.o
                0x0000000000000000                appSetParamsMFPipe

.text.appSetParamsRxPipe
                0x0000000000000000       0x50
 .text.appSetParamsRxPipe
                0x0000000000000000       0x50 ./output/obj_base/examples/Demo/Cam378OpipeHdmi/./leon_rt/opipe_app_cfg_rx_lrt.o
                0x0000000000000000                appSetParamsRxPipe

.text.allocateLcdFrame
                0x0000000000000000       0x40
 .text.allocateLcdFrame
                0x0000000000000000       0x40 ./output/obj_base/examples/Demo/Cam378OpipeHdmi/./leon_rt/main_lrt.o
                0x0000000000000000                allocateLcdFrame

.text.RxEofCallback
                0x0000000000000000      0x164
 .text.RxEofCallback
                0x0000000000000000      0x164 ./output/obj_base/examples/Demo/Cam378OpipeHdmi/./leon_rt/main_lrt.o
                0x0000000000000000                RxEofCallback

.text.appBuildPipeMF
                0x0000000000000000       0xa4
 .text.appBuildPipeMF
                0x0000000000000000       0xa4 ./output/obj_base/examples/Demo/Cam378OpipeHdmi/./leon_rt/main_lrt.o
                0x0000000000000000                appBuildPipeMF

.text.startup.main
                0x0000000000000000      0x4d0
 .text.startup.main
                0x0000000000000000      0x4d0 ./output/obj_base/examples/Demo/Cam378OpipeHdmi/./leon_rt/main_lrt.o
                0x0000000000000000                main

.text.init      0x0000000000000000       0x54
 .text.init     0x0000000000000000       0x54 ./output/obj_base/examples/Demo/Cam378OpipeHdmi/./leon_rt/app_config_lrt.o
                0x0000000000000000                init

.text.getMipiBase
                0x0000000000000000       0x70
 .text.getMipiBase
                0x0000000000000000       0x70 ./output/obj_base/examples/Demo/Cam378OpipeHdmi/../../../common/components/CamGeneric/arch/ma2x5x/leon/common/src/CamGeneric_ma2x5x_lrt.o

.text.stopMipiIrq
                0x0000000000000000       0x98
 .text.stopMipiIrq
                0x0000000000000000       0x98 ./output/obj_base/examples/Demo/Cam378OpipeHdmi/../../../common/components/CamGeneric/arch/ma2x5x/leon/common/src/CamGeneric_ma2x5x_lrt.o

.text.mipiIrqHandler
                0x0000000000000000       0xa8
 .text.mipiIrqHandler
                0x0000000000000000       0xa8 ./output/obj_base/examples/Demo/Cam378OpipeHdmi/../../../common/components/CamGeneric/arch/ma2x5x/leon/common/src/CamGeneric_ma2x5x_lrt.o

.text.cifResyncSetup
                0x0000000000000000       0x88
 .text.cifResyncSetup
                0x0000000000000000       0x88 ./output/obj_base/examples/Demo/Cam378OpipeHdmi/../../../common/components/CamGeneric/arch/ma2x5x/leon/common/src/CamGeneric_ma2x5x_lrt.o
                0x0000000000000000                cifResyncSetup

.text.cifResyncStop
                0x0000000000000000       0x20
 .text.cifResyncStop
                0x0000000000000000       0x20 ./output/obj_base/examples/Demo/Cam378OpipeHdmi/../../../common/components/CamGeneric/arch/ma2x5x/leon/common/src/CamGeneric_ma2x5x_lrt.o
                0x0000000000000000                cifResyncStop

.text.InitMIPI  0x0000000000000000       0x64
 .text.InitMIPI
                0x0000000000000000       0x64 ./output/obj_base/examples/Demo/Cam378OpipeHdmi/../../../common/components/CamGeneric/leon/CamGeneric_lrt.o

.text.CifDmaSetting
                0x0000000000000000      0x1e4
 .text.CifDmaSetting
                0x0000000000000000      0x1e4 ./output/obj_base/examples/Demo/Cam378OpipeHdmi/../../../common/components/CamGeneric/leon/CamGeneric_lrt.o

.text.CifCfg    0x0000000000000000      0x180
 .text.CifCfg   0x0000000000000000      0x180 ./output/obj_base/examples/Demo/Cam378OpipeHdmi/../../../common/components/CamGeneric/leon/CamGeneric_lrt.o

.text.SippCfg   0x0000000000000000      0x200
 .text.SippCfg  0x0000000000000000      0x200 ./output/obj_base/examples/Demo/Cam378OpipeHdmi/../../../common/components/CamGeneric/leon/CamGeneric_lrt.o

.text.I2CRegConfiguration
                0x0000000000000000      0x10c
 .text.I2CRegConfiguration
                0x0000000000000000      0x10c ./output/obj_base/examples/Demo/Cam378OpipeHdmi/../../../common/components/CamGeneric/leon/CamGeneric_lrt.o

.text.defaultSensorPowerUp
                0x0000000000000000       0x88
 .text.defaultSensorPowerUp
                0x0000000000000000       0x88 ./output/obj_base/examples/Demo/Cam378OpipeHdmi/../../../common/components/CamGeneric/leon/CamGeneric_lrt.o

.text.defaultSensorPowerDown
                0x0000000000000000       0x4c
 .text.defaultSensorPowerDown
                0x0000000000000000       0x4c ./output/obj_base/examples/Demo/Cam378OpipeHdmi/../../../common/components/CamGeneric/leon/CamGeneric_lrt.o

.text.setNextCifBuffersAndRestart
                0x0000000000000000      0x100
 .text.setNextCifBuffersAndRestart
                0x0000000000000000      0x100 ./output/obj_base/examples/Demo/Cam378OpipeHdmi/../../../common/components/CamGeneric/leon/CamGeneric_lrt.o

.text.CifCamHandler
                0x0000000000000000      0x1bc
 .text.CifCamHandler
                0x0000000000000000      0x1bc ./output/obj_base/examples/Demo/Cam378OpipeHdmi/../../../common/components/CamGeneric/leon/CamGeneric_lrt.o

.text.CifCamStop
                0x0000000000000000      0x108
 .text.CifCamStop
                0x0000000000000000      0x108 ./output/obj_base/examples/Demo/Cam378OpipeHdmi/../../../common/components/CamGeneric/leon/CamGeneric_lrt.o

.text.SippCamStop
                0x0000000000000000      0x1e4
 .text.SippCamStop
                0x0000000000000000      0x1e4 ./output/obj_base/examples/Demo/Cam378OpipeHdmi/../../../common/components/CamGeneric/leon/CamGeneric_lrt.o

.text.setNextSippBufferAndRestart.isra.1
                0x0000000000000000       0x5c
 .text.setNextSippBufferAndRestart.isra.1
                0x0000000000000000       0x5c ./output/obj_base/examples/Demo/Cam378OpipeHdmi/../../../common/components/CamGeneric/leon/CamGeneric_lrt.o

.text.SippCamHandler
                0x0000000000000000      0x2f0
 .text.SippCamHandler
                0x0000000000000000      0x2f0 ./output/obj_base/examples/Demo/Cam378OpipeHdmi/../../../common/components/CamGeneric/leon/CamGeneric_lrt.o

.text._printf_clone
                0x0000000000000000       0x78
 .text._printf_clone
                0x0000000000000000        0xc ./output/obj_base/examples/Demo/Cam378OpipeHdmi/../../../common/components/CamGeneric/leon/CamGeneric_lrt.o
                0x0000000000000000                _printf_clone
 .text._printf_clone
                0x000000000000000c        0xc ./output/obj_base/examples/Demo/Cam378OpipeHdmi/../../../common/components/LcdGeneric/leon/Lcd_lrt.o
 .text._printf_clone
                0x0000000000000018        0xc ./output/obj_base/examples/Demo/Cam378OpipeHdmi/../../../common/drivers/myriad2/brdDrivers/src/brdMv0198/brdMv0198_lrt.o
 .text._printf_clone
                0x0000000000000024        0xc ./output/obj_base/examples/Demo/Cam378OpipeHdmi/../../../common/drivers/myriad2/socDrivers/leon/bm/src/DrvCpr_lrt.o
 .text._printf_clone
                0x0000000000000030        0xc ./output/obj_base/examples/Demo/Cam378OpipeHdmi/../../../common/drivers/myriad2/socDrivers/leon/bm/src/DrvLeon_lrt.o
 .text._printf_clone
                0x000000000000003c        0xc ./output/obj_base/examples/Demo/Cam378OpipeHdmi/../../../common/drivers/myriad2/socDrivers/leon/bm/src/DrvShaveL2Cache_lrt.o
 .text._printf_clone
                0x0000000000000048        0xc ./output/obj_base/examples/Demo/Cam378OpipeHdmi/../../../common/drivers/myriad2/socDrivers/leon/bm/src/DrvSvu_lrt.o
 .text._printf_clone
                0x0000000000000054        0xc ./output/obj_base/examples/Demo/Cam378OpipeHdmi/../../../common/drivers/myriad2/socDrivers/leon/hgl/arch/ma2x5x/src/HglCprMa2x5x_lrt.o
 .text._printf_clone
                0x0000000000000060        0xc ./output/obj_base/examples/Demo/Cam378OpipeHdmi/../../../common/swCommon/myriad2/src/swcShaveLoader_lrt.o
 .text._printf_clone
                0x000000000000006c        0xc ./output/obj_base/examples/Demo/Cam378OpipeHdmi/../../../common/swCommon/myriad2/src/swcTestUtils_lrt.o

.text._bulk_hexdump
                0x0000000000000000      0x460
 .text._bulk_hexdump
                0x0000000000000000       0x70 ./output/obj_base/examples/Demo/Cam378OpipeHdmi/../../../common/components/CamGeneric/leon/CamGeneric_lrt.o
                0x0000000000000000                _bulk_hexdump
 .text._bulk_hexdump
                0x0000000000000070       0x70 ./output/obj_base/examples/Demo/Cam378OpipeHdmi/../../../common/components/LcdGeneric/leon/Lcd_lrt.o
 .text._bulk_hexdump
                0x00000000000000e0       0x70 ./output/obj_base/examples/Demo/Cam378OpipeHdmi/../../../common/drivers/myriad2/brdDrivers/src/brdMv0198/brdMv0198_lrt.o
 .text._bulk_hexdump
                0x0000000000000150       0x70 ./output/obj_base/examples/Demo/Cam378OpipeHdmi/../../../common/drivers/myriad2/socDrivers/leon/bm/src/DrvCpr_lrt.o
 .text._bulk_hexdump
                0x00000000000001c0       0x70 ./output/obj_base/examples/Demo/Cam378OpipeHdmi/../../../common/drivers/myriad2/socDrivers/leon/bm/src/DrvLeon_lrt.o
 .text._bulk_hexdump
                0x0000000000000230       0x70 ./output/obj_base/examples/Demo/Cam378OpipeHdmi/../../../common/drivers/myriad2/socDrivers/leon/bm/src/DrvShaveL2Cache_lrt.o
 .text._bulk_hexdump
                0x00000000000002a0       0x70 ./output/obj_base/examples/Demo/Cam378OpipeHdmi/../../../common/drivers/myriad2/socDrivers/leon/bm/src/DrvSvu_lrt.o
 .text._bulk_hexdump
                0x0000000000000310       0x70 ./output/obj_base/examples/Demo/Cam378OpipeHdmi/../../../common/drivers/myriad2/socDrivers/leon/hgl/arch/ma2x5x/src/HglCprMa2x5x_lrt.o
 .text._bulk_hexdump
                0x0000000000000380       0x70 ./output/obj_base/examples/Demo/Cam378OpipeHdmi/../../../common/swCommon/myriad2/src/swcShaveLoader_lrt.o
 .text._bulk_hexdump
                0x00000000000003f0       0x70 ./output/obj_base/examples/Demo/Cam378OpipeHdmi/../../../common/swCommon/myriad2/src/swcTestUtils_lrt.o

.text.logBulk   0x0000000000000000      0x1e0
 .text.logBulk  0x0000000000000000       0x30 ./output/obj_base/examples/Demo/Cam378OpipeHdmi/../../../common/components/CamGeneric/leon/CamGeneric_lrt.o
                0x0000000000000000                logBulk
 .text.logBulk  0x0000000000000030       0x30 ./output/obj_base/examples/Demo/Cam378OpipeHdmi/../../../common/components/LcdGeneric/leon/Lcd_lrt.o
 .text.logBulk  0x0000000000000060       0x30 ./output/obj_base/examples/Demo/Cam378OpipeHdmi/../../../common/drivers/myriad2/brdDrivers/src/brdMv0198/brdMv0198_lrt.o
 .text.logBulk  0x0000000000000090       0x30 ./output/obj_base/examples/Demo/Cam378OpipeHdmi/../../../common/drivers/myriad2/socDrivers/leon/bm/src/DrvCpr_lrt.o
 .text.logBulk  0x00000000000000c0       0x30 ./output/obj_base/examples/Demo/Cam378OpipeHdmi/../../../common/drivers/myriad2/socDrivers/leon/bm/src/DrvLeon_lrt.o
 .text.logBulk  0x00000000000000f0       0x30 ./output/obj_base/examples/Demo/Cam378OpipeHdmi/../../../common/drivers/myriad2/socDrivers/leon/bm/src/DrvShaveL2Cache_lrt.o
 .text.logBulk  0x0000000000000120       0x30 ./output/obj_base/examples/Demo/Cam378OpipeHdmi/../../../common/drivers/myriad2/socDrivers/leon/bm/src/DrvSvu_lrt.o
 .text.logBulk  0x0000000000000150       0x30 ./output/obj_base/examples/Demo/Cam378OpipeHdmi/../../../common/drivers/myriad2/socDrivers/leon/hgl/arch/ma2x5x/src/HglCprMa2x5x_lrt.o
 .text.logBulk  0x0000000000000180       0x30 ./output/obj_base/examples/Demo/Cam378OpipeHdmi/../../../common/swCommon/myriad2/src/swcShaveLoader_lrt.o
 .text.logBulk  0x00000000000001b0       0x30 ./output/obj_base/examples/Demo/Cam378OpipeHdmi/../../../common/swCommon/myriad2/src/swcTestUtils_lrt.o

.text.CamSetupCallbacks
                0x0000000000000000       0x28
 .text.CamSetupCallbacks
                0x0000000000000000       0x28 ./output/obj_base/examples/Demo/Cam378OpipeHdmi/../../../common/components/CamGeneric/leon/CamGeneric_lrt.o
                0x0000000000000000                CamSetupCallbacks

.text.CamSetupInterrupts
                0x0000000000000000      0x324
 .text.CamSetupInterrupts
                0x0000000000000000      0x324 ./output/obj_base/examples/Demo/Cam378OpipeHdmi/../../../common/components/CamGeneric/leon/CamGeneric_lrt.o
                0x0000000000000000                CamSetupInterrupts

.text.CamInit   0x0000000000000000      0x470
 .text.CamInit  0x0000000000000000      0x470 ./output/obj_base/examples/Demo/Cam378OpipeHdmi/../../../common/components/CamGeneric/leon/CamGeneric_lrt.o
                0x0000000000000000                CamInit

.text.CamStart  0x0000000000000000      0x458
 .text.CamStart
                0x0000000000000000      0x458 ./output/obj_base/examples/Demo/Cam378OpipeHdmi/../../../common/components/CamGeneric/leon/CamGeneric_lrt.o
                0x0000000000000000                CamStart

.text.CamStandby
                0x0000000000000000      0x150
 .text.CamStandby
                0x0000000000000000      0x150 ./output/obj_base/examples/Demo/Cam378OpipeHdmi/../../../common/components/CamGeneric/leon/CamGeneric_lrt.o
                0x0000000000000000                CamStandby

.text.CamWakeup
                0x0000000000000000       0xd0
 .text.CamWakeup
                0x0000000000000000       0xd0 ./output/obj_base/examples/Demo/Cam378OpipeHdmi/../../../common/components/CamGeneric/leon/CamGeneric_lrt.o
                0x0000000000000000                CamWakeup

.text.CamStop   0x0000000000000000       0x94
 .text.CamStop  0x0000000000000000       0x94 ./output/obj_base/examples/Demo/Cam378OpipeHdmi/../../../common/components/CamGeneric/leon/CamGeneric_lrt.o
                0x0000000000000000                CamStop

.text.CamGetFrameCounter
                0x0000000000000000       0x18
 .text.CamGetFrameCounter
                0x0000000000000000       0x18 ./output/obj_base/examples/Demo/Cam378OpipeHdmi/../../../common/components/CamGeneric/leon/CamGeneric_lrt.o
                0x0000000000000000                CamGetFrameCounter

.text.LCDGiveBackPreviousBuffers
                0x0000000000000000       0x30
 .text.LCDGiveBackPreviousBuffers
                0x0000000000000000       0x30 ./output/obj_base/examples/Demo/Cam378OpipeHdmi/../../../common/components/LcdGeneric/leon/Lcd_lrt.o

.text.LCDCallbackFrequencySetter
                0x0000000000000000       0x50
 .text.LCDCallbackFrequencySetter
                0x0000000000000000       0x50 ./output/obj_base/examples/Demo/Cam378OpipeHdmi/../../../common/components/LcdGeneric/leon/Lcd_lrt.o

.text.LCDHandlerOneShot
                0x0000000000000000       0xbc
 .text.LCDHandlerOneShot
                0x0000000000000000       0xbc ./output/obj_base/examples/Demo/Cam378OpipeHdmi/../../../common/components/LcdGeneric/leon/Lcd_lrt.o
                0x0000000000000000                LCDHandlerOneShot

.text.LCDSetTimingFromDisplayCfg
                0x0000000000000000       0x58
 .text.LCDSetTimingFromDisplayCfg
                0x0000000000000000       0x58 ./output/obj_base/examples/Demo/Cam378OpipeHdmi/../../../common/components/LcdGeneric/leon/Lcd_lrt.o

.text.LCDSetLayerBuffersShadowRegisters.part.0
                0x0000000000000000       0x50
 .text.LCDSetLayerBuffersShadowRegisters.part.0
                0x0000000000000000       0x50 ./output/obj_base/examples/Demo/Cam378OpipeHdmi/../../../common/components/LcdGeneric/leon/Lcd_lrt.o

.text.LCDSetLayerBuffersShadowRegisters
                0x0000000000000000      0x1ec
 .text.LCDSetLayerBuffersShadowRegisters
                0x0000000000000000      0x1ec ./output/obj_base/examples/Demo/Cam378OpipeHdmi/../../../common/components/LcdGeneric/leon/Lcd_lrt.o

.text.LCDSetLayerBuffersNormalAndShadowRegisters
                0x0000000000000000      0x218
 .text.LCDSetLayerBuffersNormalAndShadowRegisters
                0x0000000000000000      0x218 ./output/obj_base/examples/Demo/Cam378OpipeHdmi/../../../common/components/LcdGeneric/leon/Lcd_lrt.o

.text.LCDCollectNewLayerBuffersUsingGetFrameCallback
                0x0000000000000000       0xc4
 .text.LCDCollectNewLayerBuffersUsingGetFrameCallback
                0x0000000000000000       0xc4 ./output/obj_base/examples/Demo/Cam378OpipeHdmi/../../../common/components/LcdGeneric/leon/Lcd_lrt.o

.text.LCDHandler
                0x0000000000000000       0xb0
 .text.LCDHandler
                0x0000000000000000       0xb0 ./output/obj_base/examples/Demo/Cam378OpipeHdmi/../../../common/components/LcdGeneric/leon/Lcd_lrt.o
                0x0000000000000000                LCDHandler

.text.LCDEnableInterface
                0x0000000000000000       0x74
 .text.LCDEnableInterface
                0x0000000000000000       0x74 ./output/obj_base/examples/Demo/Cam378OpipeHdmi/../../../common/components/LcdGeneric/leon/Lcd_lrt.o

.text.LCDSetupCallbacks
                0x0000000000000000       0x14
 .text.LCDSetupCallbacks
                0x0000000000000000       0x14 ./output/obj_base/examples/Demo/Cam378OpipeHdmi/../../../common/components/LcdGeneric/leon/Lcd_lrt.o
                0x0000000000000000                LCDSetupCallbacks

.text.DrvLcdCtrlNoTrig
                0x0000000000000000       0x1c
 .text.DrvLcdCtrlNoTrig
                0x0000000000000000       0x1c ./output/obj_base/examples/Demo/Cam378OpipeHdmi/../../../common/components/LcdGeneric/leon/Lcd_lrt.o
                0x0000000000000000                DrvLcdCtrlNoTrig

.text.LCDConfigureLayers
                0x0000000000000000      0xef8
 .text.LCDConfigureLayers
                0x0000000000000000      0xef8 ./output/obj_base/examples/Demo/Cam378OpipeHdmi/../../../common/components/LcdGeneric/leon/Lcd_lrt.o
                0x00000000000000a4                LCDConfigureLayers

.text.LCDStop   0x0000000000000000       0xf0
 .text.LCDStop  0x0000000000000000       0xf0 ./output/obj_base/examples/Demo/Cam378OpipeHdmi/../../../common/components/LcdGeneric/leon/Lcd_lrt.o
                0x0000000000000000                LCDStop

.text.LCDInitVL2Enable
                0x0000000000000000       0x10
 .text.LCDInitVL2Enable
                0x0000000000000000       0x10 ./output/obj_base/examples/Demo/Cam378OpipeHdmi/../../../common/components/LcdGeneric/leon/Lcd_lrt.o
                0x0000000000000000                LCDInitVL2Enable

.text.LCDInitVL2Disable
                0x0000000000000000       0x10
 .text.LCDInitVL2Disable
                0x0000000000000000       0x10 ./output/obj_base/examples/Demo/Cam378OpipeHdmi/../../../common/components/LcdGeneric/leon/Lcd_lrt.o
                0x0000000000000000                LCDInitVL2Disable

.text.LCDSetColorTable
                0x0000000000000000       0xac
 .text.LCDSetColorTable
                0x0000000000000000       0xac ./output/obj_base/examples/Demo/Cam378OpipeHdmi/../../../common/components/LcdGeneric/leon/Lcd_lrt.o
                0x0000000000000000                LCDSetColorTable

.text.LCDInitGLEnable
                0x0000000000000000       0x40
 .text.LCDInitGLEnable
                0x0000000000000000       0x40 ./output/obj_base/examples/Demo/Cam378OpipeHdmi/../../../common/components/LcdGeneric/leon/Lcd_lrt.o
                0x0000000000000000                LCDInitGLEnable

.text.LCDInitGLDisable
                0x0000000000000000       0x34
 .text.LCDInitGLDisable
                0x0000000000000000       0x34 ./output/obj_base/examples/Demo/Cam378OpipeHdmi/../../../common/components/LcdGeneric/leon/Lcd_lrt.o
                0x0000000000000000                LCDInitGLDisable

.text.LCDInitLayer
                0x0000000000000000       0xc8
 .text.LCDInitLayer
                0x0000000000000000       0xc8 ./output/obj_base/examples/Demo/Cam378OpipeHdmi/../../../common/components/LcdGeneric/leon/Lcd_lrt.o
                0x0000000000000000                LCDInitLayer

.text.LCDInit   0x0000000000000000       0x7c
 .text.LCDInit  0x0000000000000000       0x7c ./output/obj_base/examples/Demo/Cam378OpipeHdmi/../../../common/components/LcdGeneric/leon/Lcd_lrt.o
                0x0000000000000000                LCDInit

.text.LCDEnYuv422i
                0x0000000000000000       0x14
 .text.LCDEnYuv422i
                0x0000000000000000       0x14 ./output/obj_base/examples/Demo/Cam378OpipeHdmi/../../../common/components/LcdGeneric/leon/Lcd_lrt.o
                0x0000000000000000                LCDEnYuv422i

.text.LCDStart  0x0000000000000000      0x200
 .text.LCDStart
                0x0000000000000000      0x200 ./output/obj_base/examples/Demo/Cam378OpipeHdmi/../../../common/components/LcdGeneric/leon/Lcd_lrt.o
                0x0000000000000000                LCDStart

.text.LCDStartOneShot
                0x0000000000000000       0xe0
 .text.LCDStartOneShot
                0x0000000000000000       0xe0 ./output/obj_base/examples/Demo/Cam378OpipeHdmi/../../../common/components/LcdGeneric/leon/Lcd_lrt.o
                0x0000000000000000                LCDStartOneShot

.text.LCDCanQueueFrame
                0x0000000000000000       0x34
 .text.LCDCanQueueFrame
                0x0000000000000000       0x34 ./output/obj_base/examples/Demo/Cam378OpipeHdmi/../../../common/components/LcdGeneric/leon/Lcd_lrt.o
                0x0000000000000000                LCDCanQueueFrame

.text.LCDQueueFrame
                0x0000000000000000      0x2e8
 .text.LCDQueueFrame
                0x0000000000000000      0x2e8 ./output/obj_base/examples/Demo/Cam378OpipeHdmi/../../../common/components/LcdGeneric/leon/Lcd_lrt.o
                0x0000000000000000                LCDQueueFrame

.text.LCDSetOutput
                0x0000000000000000       0x38
 .text.LCDSetOutput
                0x0000000000000000       0x38 ./output/obj_base/examples/Demo/Cam378OpipeHdmi/../../../common/components/LcdGeneric/leon/Lcd_lrt.o
                0x0000000000000000                LCDSetOutput

.text.boardI2CErrorHandler
                0x0000000000000000        0x8
 .text.boardI2CErrorHandler
                0x0000000000000000        0x8 ./output/obj_base/examples/Demo/Cam378OpipeHdmi/../../../common/components/MV0212/leon/bm/src/MV0212_lrt.o

.text.boardInitGpio
                0x0000000000000000       0x2c
 .text.boardInitGpio
                0x0000000000000000       0x2c ./output/obj_base/examples/Demo/Cam378OpipeHdmi/../../../common/components/MV0212/leon/bm/src/MV0212_lrt.o

.text.BoardInitExtPll
                0x0000000000000000       0x20
 .text.BoardInitExtPll
                0x0000000000000000       0x20 ./output/obj_base/examples/Demo/Cam378OpipeHdmi/../../../common/components/MV0212/leon/bm/src/MV0212_lrt.o
                0x0000000000000000                BoardInitExtPll

.text.BoardGetPCBRevision
                0x0000000000000000       0x14
 .text.BoardGetPCBRevision
                0x0000000000000000       0x14 ./output/obj_base/examples/Demo/Cam378OpipeHdmi/../../../common/components/MV0212/leon/bm/src/MV0212_lrt.o
                0x0000000000000000                BoardGetPCBRevision

.text.BoardGetI2CInfo
                0x0000000000000000       0x40
 .text.BoardGetI2CInfo
                0x0000000000000000       0x40 ./output/obj_base/examples/Demo/Cam378OpipeHdmi/../../../common/components/MV0212/leon/bm/src/MV0212_lrt.o
                0x0000000000000000                BoardGetI2CInfo

.text.BoardInit
                0x0000000000000000      0x260
 .text.BoardInit
                0x0000000000000000      0x260 ./output/obj_base/examples/Demo/Cam378OpipeHdmi/../../../common/components/MV0212/leon/bm/src/MV0212_lrt.o
                0x0000000000000000                BoardInit

.text.progCmxBuff
                0x0000000000000000       0x34
 .text.progCmxBuff
                0x0000000000000000       0x34 ./output/obj_base/examples/Demo/Cam378OpipeHdmi/../../../common/components/Opipe/leon/bm/arch/ma2x5x/src/OpipeBlocks_lrt.o
                0x0000000000000000                progCmxBuff

.text.orderPixels
                0x0000000000000000       0x74
 .text.orderPixels
                0x0000000000000000       0x74 ./output/obj_base/examples/Demo/Cam378OpipeHdmi/../../../common/components/Opipe/leon/bm/arch/ma2x5x/src/OpipeBlocks_lrt.o
                0x0000000000000000                orderPixels

.text.cfgSigma  0x0000000000000000      0x114
 .text.cfgSigma
                0x0000000000000000      0x114 ./output/obj_base/examples/Demo/Cam378OpipeHdmi/../../../common/components/Opipe/leon/bm/arch/ma2x5x/src/OpipeBlocks_lrt.o
                0x0000000000000000                cfgSigma

.text.cfgLsc    0x0000000000000000      0x210
 .text.cfgLsc   0x0000000000000000      0x210 ./output/obj_base/examples/Demo/Cam378OpipeHdmi/../../../common/components/Opipe/leon/bm/arch/ma2x5x/src/OpipeBlocks_lrt.o
                0x0000000000000000                cfgLsc

.text.cfgRaw    0x0000000000000000      0x3b4
 .text.cfgRaw   0x0000000000000000      0x3b4 ./output/obj_base/examples/Demo/Cam378OpipeHdmi/../../../common/components/Opipe/leon/bm/arch/ma2x5x/src/OpipeBlocks_lrt.o
                0x0000000000000000                cfgRaw

.text.cfgDbyr   0x0000000000000000       0xc8
 .text.cfgDbyr  0x0000000000000000       0xc8 ./output/obj_base/examples/Demo/Cam378OpipeHdmi/../../../common/components/Opipe/leon/bm/arch/ma2x5x/src/OpipeBlocks_lrt.o
                0x0000000000000000                cfgDbyr

.text.cfgDogLtm
                0x0000000000000000       0xec
 .text.cfgDogLtm
                0x0000000000000000       0xec ./output/obj_base/examples/Demo/Cam378OpipeHdmi/../../../common/components/Opipe/leon/bm/arch/ma2x5x/src/OpipeBlocks_lrt.o
                0x0000000000000000                cfgDogLtm

.text.cfgLumaDns
                0x0000000000000000      0x2a0
 .text.cfgLumaDns
                0x0000000000000000      0x2a0 ./output/obj_base/examples/Demo/Cam378OpipeHdmi/../../../common/components/Opipe/leon/bm/arch/ma2x5x/src/OpipeBlocks_lrt.o
                0x0000000000000000                cfgLumaDns

.text.cfgSharpen
                0x0000000000000000       0xd8
 .text.cfgSharpen
                0x0000000000000000       0xd8 ./output/obj_base/examples/Demo/Cam378OpipeHdmi/../../../common/components/Opipe/leon/bm/arch/ma2x5x/src/OpipeBlocks_lrt.o
                0x0000000000000000                cfgSharpen

.text.cfgGenChr
                0x0000000000000000       0xb4
 .text.cfgGenChr
                0x0000000000000000       0xb4 ./output/obj_base/examples/Demo/Cam378OpipeHdmi/../../../common/components/Opipe/leon/bm/arch/ma2x5x/src/OpipeBlocks_lrt.o
                0x0000000000000000                cfgGenChr

.text.cfgMedian
                0x0000000000000000       0x94
 .text.cfgMedian
                0x0000000000000000       0x94 ./output/obj_base/examples/Demo/Cam378OpipeHdmi/../../../common/components/Opipe/leon/bm/arch/ma2x5x/src/OpipeBlocks_lrt.o
                0x0000000000000000                cfgMedian

.text.cfgChromaDns
                0x0000000000000000       0xec
 .text.cfgChromaDns
                0x0000000000000000       0xec ./output/obj_base/examples/Demo/Cam378OpipeHdmi/../../../common/components/Opipe/leon/bm/arch/ma2x5x/src/OpipeBlocks_lrt.o
                0x0000000000000000                cfgChromaDns

.text.cfgColComb
                0x0000000000000000      0x2c4
 .text.cfgColComb
                0x0000000000000000      0x2c4 ./output/obj_base/examples/Demo/Cam378OpipeHdmi/../../../common/components/Opipe/leon/bm/arch/ma2x5x/src/OpipeBlocks_lrt.o
                0x0000000000000000                cfgColComb

.text.cfgLut    0x0000000000000000      0x2c4
 .text.cfgLut   0x0000000000000000      0x2c4 ./output/obj_base/examples/Demo/Cam378OpipeHdmi/../../../common/components/Opipe/leon/bm/arch/ma2x5x/src/OpipeBlocks_lrt.o
                0x0000000000000000                cfgLut

.text.getUpfirdnOutRes
                0x0000000000000000       0x70
 .text.getUpfirdnOutRes
                0x0000000000000000       0x70 ./output/obj_base/examples/Demo/Cam378OpipeHdmi/../../../common/components/Opipe/leon/bm/arch/ma2x5x/src/OpipeBlocks_lrt.o
                0x0000000000000000                getUpfirdnOutRes

.text.cfgUpfirdn
                0x0000000000000000      0x18c
 .text.cfgUpfirdn
                0x0000000000000000      0x18c ./output/obj_base/examples/Demo/Cam378OpipeHdmi/../../../common/components/Opipe/leon/bm/arch/ma2x5x/src/OpipeBlocks_lrt.o
                0x0000000000000000                cfgUpfirdn

.text.cfgUpfirdn0
                0x0000000000000000       0x10
 .text.cfgUpfirdn0
                0x0000000000000000       0x10 ./output/obj_base/examples/Demo/Cam378OpipeHdmi/../../../common/components/Opipe/leon/bm/arch/ma2x5x/src/OpipeBlocks_lrt.o
                0x0000000000000000                cfgUpfirdn0

.text.cfgUpfirdn1
                0x0000000000000000       0x10
 .text.cfgUpfirdn1
                0x0000000000000000       0x10 ./output/obj_base/examples/Demo/Cam378OpipeHdmi/../../../common/components/Opipe/leon/bm/arch/ma2x5x/src/OpipeBlocks_lrt.o
                0x0000000000000000                cfgUpfirdn1

.text.cfgUpfirdn2
                0x0000000000000000       0x10
 .text.cfgUpfirdn2
                0x0000000000000000       0x10 ./output/obj_base/examples/Demo/Cam378OpipeHdmi/../../../common/components/Opipe/leon/bm/arch/ma2x5x/src/OpipeBlocks_lrt.o
                0x0000000000000000                cfgUpfirdn2

.text.cfgMipiRx
                0x0000000000000000      0x13c
 .text.cfgMipiRx
                0x0000000000000000      0x13c ./output/obj_base/examples/Demo/Cam378OpipeHdmi/../../../common/components/Opipe/leon/bm/arch/ma2x5x/src/OpipeBlocks_lrt.o
                0x0000000000000000                cfgMipiRx

.text.cfgMipiRx0
                0x0000000000000000       0x10
 .text.cfgMipiRx0
                0x0000000000000000       0x10 ./output/obj_base/examples/Demo/Cam378OpipeHdmi/../../../common/components/Opipe/leon/bm/arch/ma2x5x/src/OpipeBlocks_lrt.o
                0x0000000000000000                cfgMipiRx0

.text.cfgMipiRx1
                0x0000000000000000       0x10
 .text.cfgMipiRx1
                0x0000000000000000       0x10 ./output/obj_base/examples/Demo/Cam378OpipeHdmi/../../../common/components/Opipe/leon/bm/arch/ma2x5x/src/OpipeBlocks_lrt.o
                0x0000000000000000                cfgMipiRx1

.text.cfgMipiRx2
                0x0000000000000000       0x10
 .text.cfgMipiRx2
                0x0000000000000000       0x10 ./output/obj_base/examples/Demo/Cam378OpipeHdmi/../../../common/components/Opipe/leon/bm/arch/ma2x5x/src/OpipeBlocks_lrt.o
                0x0000000000000000                cfgMipiRx2

.text.cfgMipiRx3
                0x0000000000000000       0x10
 .text.cfgMipiRx3
                0x0000000000000000       0x10 ./output/obj_base/examples/Demo/Cam378OpipeHdmi/../../../common/components/Opipe/leon/bm/arch/ma2x5x/src/OpipeBlocks_lrt.o
                0x0000000000000000                cfgMipiRx3

.text.cfgConv   0x0000000000000000      0x190
 .text.cfgConv  0x0000000000000000      0x190 ./output/obj_base/examples/Demo/Cam378OpipeHdmi/../../../common/components/Opipe/leon/bm/arch/ma2x5x/src/OpipeBlocks_lrt.o
                0x0000000000000000                cfgConv

.text.cfgHarris
                0x0000000000000000       0x78
 .text.cfgHarris
                0x0000000000000000       0x78 ./output/obj_base/examples/Demo/Cam378OpipeHdmi/../../../common/components/Opipe/leon/bm/arch/ma2x5x/src/OpipeBlocks_lrt.o
                0x0000000000000000                cfgHarris

.text.dmaSourceIrqHandler
                0x0000000000000000       0x44
 .text.dmaSourceIrqHandler
                0x0000000000000000       0x44 ./output/obj_base/examples/Demo/Cam378OpipeHdmi/../../../common/components/Opipe/leon/bm/arch/ma2x5x/src/OpipeDrive_lrt.o
                0x0000000000000000                dmaSourceIrqHandler

.text.dmaSinkIrqHandler
                0x0000000000000000       0x90
 .text.dmaSinkIrqHandler
                0x0000000000000000       0x90 ./output/obj_base/examples/Demo/Cam378OpipeHdmi/../../../common/components/Opipe/leon/bm/arch/ma2x5x/src/OpipeDrive_lrt.o
                0x0000000000000000                dmaSinkIrqHandler

.text.getNextDmaDsc
                0x0000000000000000       0x38
 .text.getNextDmaDsc
                0x0000000000000000       0x38 ./output/obj_base/examples/Demo/Cam378OpipeHdmi/../../../common/components/Opipe/leon/bm/arch/ma2x5x/src/OpipeDrive_lrt.o
                0x0000000000000000                getNextDmaDsc

.text.handleObflInc
                0x0000000000000000      0x248
 .text.handleObflInc
                0x0000000000000000      0x248 ./output/obj_base/examples/Demo/Cam378OpipeHdmi/../../../common/components/Opipe/leon/bm/arch/ma2x5x/src/OpipeDrive_lrt.o
                0x0000000000000000                handleObflInc

.text.oPipeSippObflIncIsr
                0x0000000000000000       0x20
 .text.oPipeSippObflIncIsr
                0x0000000000000000       0x20 ./output/obj_base/examples/Demo/Cam378OpipeHdmi/../../../common/components/Opipe/leon/bm/arch/ma2x5x/src/OpipeDrive_lrt.o
                0x0000000000000000                oPipeSippObflIncIsr

.text.oPipeSippIbflDecIsr
                0x0000000000000000      0x1d8
 .text.oPipeSippIbflDecIsr
                0x0000000000000000      0x1d8 ./output/obj_base/examples/Demo/Cam378OpipeHdmi/../../../common/components/Opipe/leon/bm/arch/ma2x5x/src/OpipeDrive_lrt.o
                0x0000000000000000                oPipeSippIbflDecIsr

.text.startSources
                0x0000000000000000      0x10c
 .text.startSources
                0x0000000000000000      0x10c ./output/obj_base/examples/Demo/Cam378OpipeHdmi/../../../common/components/Opipe/leon/bm/arch/ma2x5x/src/OpipeDrive_lrt.o
                0x0000000000000000                startSources

.text.cfgSources
                0x0000000000000000       0xdc
 .text.cfgSources
                0x0000000000000000       0xdc ./output/obj_base/examples/Demo/Cam378OpipeHdmi/../../../common/components/Opipe/leon/bm/arch/ma2x5x/src/OpipeDrive_lrt.o
                0x0000000000000000                cfgSources

.text.cfgSinks  0x0000000000000000       0xdc
 .text.cfgSinks
                0x0000000000000000       0xdc ./output/obj_base/examples/Demo/Cam378OpipeHdmi/../../../common/components/Opipe/leon/bm/arch/ma2x5x/src/OpipeDrive_lrt.o
                0x0000000000000000                cfgSinks

.text.cfgSwLinks
                0x0000000000000000       0xcc
 .text.cfgSwLinks
                0x0000000000000000       0xcc ./output/obj_base/examples/Demo/Cam378OpipeHdmi/../../../common/components/Opipe/leon/bm/arch/ma2x5x/src/OpipeDrive_lrt.o
                0x0000000000000000                cfgSwLinks

.text.rxRofSkipAdvance
                0x0000000000000000       0xf8
 .text.rxRofSkipAdvance
                0x0000000000000000       0xf8 ./output/obj_base/examples/Demo/Cam378OpipeHdmi/../../../common/components/Opipe/leon/bm/arch/ma2x5x/src/OpipeDrive_lrt.o
                0x0000000000000000                rxRofSkipAdvance

.text.oPipeSippEofIsr
                0x0000000000000000       0x50
 .text.oPipeSippEofIsr
                0x0000000000000000       0x50 ./output/obj_base/examples/Demo/Cam378OpipeHdmi/../../../common/components/Opipe/leon/bm/arch/ma2x5x/src/OpipeDrive_lrt.o
                0x0000000000000000                oPipeSippEofIsr

.text.opipeInitMemPool
                0x0000000000000000       0x28
 .text.opipeInitMemPool
                0x0000000000000000       0x28 ./output/obj_base/examples/Demo/Cam378OpipeHdmi/../../../common/components/Opipe/leon/bm/arch/ma2x5x/src/OpipeMem_lrt.o
                0x0000000000000000                opipeInitMemPool

.text.opipeAllocBuff
                0x0000000000000000       0x5c
 .text.opipeAllocBuff
                0x0000000000000000       0x5c ./output/obj_base/examples/Demo/Cam378OpipeHdmi/../../../common/components/Opipe/leon/bm/arch/ma2x5x/src/OpipeMem_lrt.o
                0x0000000000000000                opipeAllocBuff

.text.opipeError
                0x0000000000000000       0x18
 .text.opipeError
                0x0000000000000000       0x18 ./output/obj_base/examples/Demo/Cam378OpipeHdmi/../../../common/components/Opipe/leon/bm/arch/ma2x5x/src/OpipeTop_lrt.o
                0x0000000000000000                opipeError

.text.getLnWidthInBytes
                0x0000000000000000       0x64
 .text.getLnWidthInBytes
                0x0000000000000000       0x64 ./output/obj_base/examples/Demo/Cam378OpipeHdmi/../../../common/components/Opipe/leon/bm/arch/ma2x5x/src/OpipeTop_lrt.o
                0x0000000000000014                getLnWidthInBytes

.text.OpipeReset
                0x0000000000000000       0x98
 .text.OpipeReset
                0x0000000000000000       0x98 ./output/obj_base/examples/Demo/Cam378OpipeHdmi/../../../common/components/Opipe/leon/bm/arch/ma2x5x/src/OpipeTop_lrt.o
                0x0000000000000000                OpipeReset

.text.OpipeInit
                0x0000000000000000      0x130
 .text.OpipeInit
                0x0000000000000000      0x130 ./output/obj_base/examples/Demo/Cam378OpipeHdmi/../../../common/components/Opipe/leon/bm/arch/ma2x5x/src/OpipeTop_lrt.o
                0x0000000000000000                OpipeInit

.text.OpipeDetCfg
                0x0000000000000000      0x12c
 .text.OpipeDetCfg
                0x0000000000000000      0x12c ./output/obj_base/examples/Demo/Cam378OpipeHdmi/../../../common/components/Opipe/leon/bm/arch/ma2x5x/src/OpipeTop_lrt.o
                0x0000000000000000                OpipeDetCfg

.text.OpipeCfgBuff
                0x0000000000000000      0x268
 .text.OpipeCfgBuff
                0x0000000000000000      0x268 ./output/obj_base/examples/Demo/Cam378OpipeHdmi/../../../common/components/Opipe/leon/bm/arch/ma2x5x/src/OpipeTop_lrt.o
                0x0000000000000000                OpipeCfgBuff

.text.OpipeSwLink
                0x0000000000000000       0xa4
 .text.OpipeSwLink
                0x0000000000000000       0xa4 ./output/obj_base/examples/Demo/Cam378OpipeHdmi/../../../common/components/Opipe/leon/bm/arch/ma2x5x/src/OpipeTop_lrt.o
                0x0000000000000000                OpipeSwLink

.text.OpipeHwReset
                0x0000000000000000       0x4c
 .text.OpipeHwReset
                0x0000000000000000       0x4c ./output/obj_base/examples/Demo/Cam378OpipeHdmi/../../../common/components/Opipe/leon/bm/arch/ma2x5x/src/OpipeTop_lrt.o
                0x0000000000000000                OpipeHwReset

.text.OpipeDisable
                0x0000000000000000       0xac
 .text.OpipeDisable
                0x0000000000000000       0xac ./output/obj_base/examples/Demo/Cam378OpipeHdmi/../../../common/components/Opipe/leon/bm/arch/ma2x5x/src/OpipeTop_lrt.o
                0x0000000000000000                OpipeDisable

.text.OpipeFinished
                0x0000000000000000       0x70
 .text.OpipeFinished
                0x0000000000000000       0x70 ./output/obj_base/examples/Demo/Cam378OpipeHdmi/../../../common/components/Opipe/leon/bm/arch/ma2x5x/src/OpipeTop_lrt.o
                0x0000000000000000                OpipeFinished

.text.OpipeWait
                0x0000000000000000       0xc4
 .text.OpipeWait
                0x0000000000000000       0xc4 ./output/obj_base/examples/Demo/Cam378OpipeHdmi/../../../common/components/Opipe/leon/bm/arch/ma2x5x/src/OpipeTop_lrt.o
                0x0000000000000000                OpipeWait

.text.OpipeWaitForRawStats
                0x0000000000000000       0x4c
 .text.OpipeWaitForRawStats
                0x0000000000000000       0x4c ./output/obj_base/examples/Demo/Cam378OpipeHdmi/../../../common/components/Opipe/leon/bm/arch/ma2x5x/src/OpipeTop_lrt.o
                0x0000000000000000                OpipeWaitForRawStats

.text.OpipeSetRes
                0x0000000000000000      0x280
 .text.OpipeSetRes
                0x0000000000000000      0x280 ./output/obj_base/examples/Demo/Cam378OpipeHdmi/../../../common/components/Opipe/leon/bm/arch/ma2x5x/src/OpipeTop_lrt.o
                0x0000000000000000                OpipeSetRes

.text.OpipeStart
                0x0000000000000000      0x5f8
 .text.OpipeStart
                0x0000000000000000      0x5f8 ./output/obj_base/examples/Demo/Cam378OpipeHdmi/../../../common/components/Opipe/leon/bm/arch/ma2x5x/src/OpipeTop_lrt.o
                0x0000000000000000                OpipeStart

.text.OpipeForceU8fLuma
                0x0000000000000000       0xbc
 .text.OpipeForceU8fLuma
                0x0000000000000000       0xbc ./output/obj_base/examples/Demo/Cam378OpipeHdmi/../../../common/components/Opipe/leon/bm/arch/ma2x5x/src/OpipeTop_lrt.o
                0x0000000000000000                OpipeForceU8fLuma

.text.Mono2PatchDefaults
                0x0000000000000000       0x18
 .text.Mono2PatchDefaults
                0x0000000000000000       0x18 ./output/obj_base/examples/Demo/Cam378OpipeHdmi/../../../common/components/Opipe/leon/bm/arch/ma2x5x/src/OpipeUsrApps_lrt.o

.text.Mono1PatchFormats
                0x0000000000000000       0x6c
 .text.Mono1PatchFormats
                0x0000000000000000       0x6c ./output/obj_base/examples/Demo/Cam378OpipeHdmi/../../../common/components/Opipe/leon/bm/arch/ma2x5x/src/OpipeUsrApps_lrt.o

.text.OpipeCreateRx
                0x0000000000000000       0x7c
 .text.OpipeCreateRx
                0x0000000000000000       0x7c ./output/obj_base/examples/Demo/Cam378OpipeHdmi/../../../common/components/Opipe/leon/bm/arch/ma2x5x/src/OpipeUsrApps_lrt.o
                0x0000000000000000                OpipeCreateRx

.text.OpipeCreatePP
                0x0000000000000000       0x80
 .text.OpipeCreatePP
                0x0000000000000000       0x80 ./output/obj_base/examples/Demo/Cam378OpipeHdmi/../../../common/components/Opipe/leon/bm/arch/ma2x5x/src/OpipeUsrApps_lrt.o
                0x0000000000000000                OpipeCreatePP

.text.OpipeCreateMF
                0x0000000000000000      0x2dc
 .text.OpipeCreateMF
                0x0000000000000000      0x2dc ./output/obj_base/examples/Demo/Cam378OpipeHdmi/../../../common/components/Opipe/leon/bm/arch/ma2x5x/src/OpipeUsrApps_lrt.o
                0x0000000000000000                OpipeCreateMF

.text.OpipeCreateFLca
                0x0000000000000000      0x2c8
 .text.OpipeCreateFLca
                0x0000000000000000      0x2c8 ./output/obj_base/examples/Demo/Cam378OpipeHdmi/../../../common/components/Opipe/leon/bm/arch/ma2x5x/src/OpipeUsrApps_lrt.o
                0x0000000000000000                OpipeCreateFLca

.text.OpipeCreateFull
                0x0000000000000000       0x28
 .text.OpipeCreateFull
                0x0000000000000000       0x28 ./output/obj_base/examples/Demo/Cam378OpipeHdmi/../../../common/components/Opipe/leon/bm/arch/ma2x5x/src/OpipeUsrApps_lrt.o
                0x0000000000000000                OpipeCreateFull

.text.OpipeCreateMain
                0x0000000000000000       0x1c
 .text.OpipeCreateMain
                0x0000000000000000       0x1c ./output/obj_base/examples/Demo/Cam378OpipeHdmi/../../../common/components/Opipe/leon/bm/arch/ma2x5x/src/OpipeUsrApps_lrt.o
                0x0000000000000000                OpipeCreateMain

.text.OpipeCreateFullLca
                0x0000000000000000       0x3c
 .text.OpipeCreateFullLca
                0x0000000000000000       0x3c ./output/obj_base/examples/Demo/Cam378OpipeHdmi/../../../common/components/Opipe/leon/bm/arch/ma2x5x/src/OpipeUsrApps_lrt.o
                0x0000000000000000                OpipeCreateFullLca

.text.OpipeSetSizeMF
                0x0000000000000000       0x88
 .text.OpipeSetSizeMF
                0x0000000000000000       0x88 ./output/obj_base/examples/Demo/Cam378OpipeHdmi/../../../common/components/Opipe/leon/bm/arch/ma2x5x/src/OpipeUsrApps_lrt.o
                0x0000000000000000                OpipeSetSizeMF

.text.OpipeSetSizeFLca
                0x0000000000000000       0x88
 .text.OpipeSetSizeFLca
                0x0000000000000000       0x88 ./output/obj_base/examples/Demo/Cam378OpipeHdmi/../../../common/components/Opipe/leon/bm/arch/ma2x5x/src/OpipeUsrApps_lrt.o
                0x0000000000000000                OpipeSetSizeFLca

.text.OpipeSetDoglCfg
                0x0000000000000000      0x1a4
 .text.OpipeSetDoglCfg
                0x0000000000000000      0x1a4 ./output/obj_base/examples/Demo/Cam378OpipeHdmi/../../../common/components/Opipe/leon/bm/arch/ma2x5x/src/OpipeUsrApps_lrt.o
                0x0000000000000000                OpipeSetDoglCfg

.text.OpipeCreateDbyrTap
                0x0000000000000000      0x2b0
 .text.OpipeCreateDbyrTap
                0x0000000000000000      0x2b0 ./output/obj_base/examples/Demo/Cam378OpipeHdmi/../../../common/components/Opipe/leon/bm/arch/ma2x5x/src/OpipeUsrApps_lrt.o
                0x0000000000000000                OpipeCreateDbyrTap

.text.OpipeSetSizeTap
                0x0000000000000000       0x78
 .text.OpipeSetSizeTap
                0x0000000000000000       0x78 ./output/obj_base/examples/Demo/Cam378OpipeHdmi/../../../common/components/Opipe/leon/bm/arch/ma2x5x/src/OpipeUsrApps_lrt.o
                0x0000000000000000                OpipeSetSizeTap

.text.OpipeCreateLumaMono
                0x0000000000000000      0x150
 .text.OpipeCreateLumaMono
                0x0000000000000000      0x150 ./output/obj_base/examples/Demo/Cam378OpipeHdmi/../../../common/components/Opipe/leon/bm/arch/ma2x5x/src/OpipeUsrApps_lrt.o
                0x0000000000000000                OpipeCreateLumaMono

.text.OpipeCreateBayerMono
                0x0000000000000000      0x154
 .text.OpipeCreateBayerMono
                0x0000000000000000      0x154 ./output/obj_base/examples/Demo/Cam378OpipeHdmi/../../../common/components/Opipe/leon/bm/arch/ma2x5x/src/OpipeUsrApps_lrt.o
                0x0000000000000000                OpipeCreateBayerMono

.text.OpipeDefaultCfg
                0x0000000000000000      0x22c
 .text.OpipeDefaultCfg
                0x0000000000000000      0x22c ./output/obj_base/examples/Demo/Cam378OpipeHdmi/../../../common/components/Opipe/leon/bm/arch/ma2x5x/src/OpipeUsrApps_lrt.o
                0x0000000000000030                OpipeDefaultCfg

.text.oCfgMipiTxLoopback
                0x0000000000000000       0xe8
 .text.oCfgMipiTxLoopback
                0x0000000000000000       0xe8 ./output/obj_base/examples/Demo/Cam378OpipeHdmi/../../../common/components/Opipe/leon/bm/arch/ma2x5x/src/OpipeUtils_lrt.o
                0x0000000000000000                oCfgMipiTxLoopback

.text.oStartMipiTxLoopback
                0x0000000000000000       0x60
 .text.oStartMipiTxLoopback
                0x0000000000000000       0x60 ./output/obj_base/examples/Demo/Cam378OpipeHdmi/../../../common/components/Opipe/leon/bm/arch/ma2x5x/src/OpipeUtils_lrt.o
                0x0000000000000000                oStartMipiTxLoopback

.text.defaultMipiTxLoopParams
                0x0000000000000000       0x38
 .text.defaultMipiTxLoopParams
                0x0000000000000000       0x38 ./output/obj_base/examples/Demo/Cam378OpipeHdmi/../../../common/components/Opipe/leon/bm/arch/ma2x5x/src/OpipeUtils_lrt.o
                0x0000000000000000                defaultMipiTxLoopParams

.text.OpipeTestInit
                0x0000000000000000       0x38
 .text.OpipeTestInit
                0x0000000000000000       0x38 ./output/obj_base/examples/Demo/Cam378OpipeHdmi/../../../common/components/Opipe/leon/bm/arch/ma2x5x/src/OpipeUtils_lrt.o
                0x0000000000000000                OpipeTestInit

.text.OpipeDelay
                0x0000000000000000      0x1ac
 .text.OpipeDelay
                0x0000000000000000      0x1ac ./output/obj_base/examples/Demo/Cam378OpipeHdmi/../../../common/components/Opipe/leon/bm/arch/ma2x5x/src/OpipeUtils_lrt.o
                0x0000000000000000                OpipeDelay

.text.oMemCompare
                0x0000000000000000        0xc
 .text.oMemCompare
                0x0000000000000000        0xc ./output/obj_base/examples/Demo/Cam378OpipeHdmi/../../../common/components/Opipe/leon/bm/arch/ma2x5x/src/OpipeUtils_lrt.o
                0x0000000000000000                oMemCompare

.text.DrvSetSliceDbyrLumaBuff
                0x0000000000000000       0x9c
 .text.DrvSetSliceDbyrLumaBuff
                0x0000000000000000       0x9c ./output/obj_base/examples/Demo/Cam378OpipeHdmi/../../../common/components/Opipe/leon/bm/arch/ma2x5x/src/OpipeUtils_lrt.o